[INFO] Scanning for projects...
[INFO] 
[INFO] --------------------< com.example:quarkus-backend >---------------------
[INFO] Building Quarkus Backend 1.0.0-SNAPSHOT
[INFO]   from pom.xml
[INFO] --------------------------------[ jar ]---------------------------------
[INFO] 
[INFO] --- resources:3.4.0:resources (default-resources) @ quarkus-backend ---
[INFO] Copying 3 resources from src\main\resources to target\classes
[INFO] 
[INFO] --- quarkus:3.8.1:generate-code (default) @ quarkus-backend ---
Downloading from central: https://repo.maven.apache.org/maven2/io/quarkus/quarkus-smallrye-context-propagation-spi/3.8.1/quarkus-smallrye-context-propagation-spi-3.8.1.pom
Progress (1): 1.0 kB
                    
Downloaded from central: https://repo.maven.apache.org/maven2/io/quarkus/quarkus-smallrye-context-propagation-spi/3.8.1/quarkus-smallrye-context-propagation-spi-3.8.1.pom (1.0 kB at 778 B/s)
Downloading from central: https://repo.maven.apache.org/maven2/io/quarkus/quarkus-vertx-http-dev-ui-spi/3.8.1/quarkus-vertx-http-dev-ui-spi-3.8.1.pom
Progress (1): 804 B
                   
Downloaded from central: https://repo.maven.apache.org/maven2/io/quarkus/quarkus-vertx-http-dev-ui-spi/3.8.1/quarkus-vertx-http-dev-ui-spi-3.8.1.pom (804 B at 4.6 kB/s)
Downloading from central: https://repo.maven.apache.org/maven2/io/quarkus/arc/arc-processor/3.8.1/arc-processor-3.8.1.pom
Progress (1): 1.9 kB
                    
Downloaded from central: https://repo.maven.apache.org/maven2/io/quarkus/arc/arc-processor/3.8.1/arc-processor-3.8.1.pom (1.9 kB at 9.6 kB/s)
Downloading from central: https://repo.maven.apache.org/maven2/io/quarkus/quarkus-arc-test-supplement/3.8.1/quarkus-arc-test-supplement-3.8.1.pom
Progress (1): 635 B
                   
Downloaded from central: https://repo.maven.apache.org/maven2/io/quarkus/quarkus-arc-test-supplement/3.8.1/quarkus-arc-test-supplement-3.8.1.pom (635 B at 3.1 kB/s)
Downloading from central: https://repo.maven.apache.org/maven2/io/quarkus/resteasy/reactive/resteasy-reactive-processor/3.8.1/resteasy-reactive-processor-3.8.1.pom
Progress (1): 2.0 kB
Progress (1): 2.8 kB
                    
Downloaded from central: https://repo.maven.apache.org/maven2/io/quarkus/resteasy/reactive/resteasy-reactive-processor/3.8.1/resteasy-reactive-processor-3.8.1.pom (2.8 kB at 14 kB/s)
Downloading from central: https://repo.maven.apache.org/maven2/io/quarkus/resteasy/reactive/resteasy-reactive-common-processor/3.8.1/resteasy-reactive-common-processor-3.8.1.pom
Progress (1): 2.0 kB
Progress (1): 2.1 kB
                    
Downloaded from central: https://repo.maven.apache.org/maven2/io/quarkus/resteasy/reactive/resteasy-reactive-common-processor/3.8.1/resteasy-reactive-common-processor-3.8.1.pom (2.1 kB at 2.0 kB/s)
Downloading from central: https://repo.maven.apache.org/maven2/io/quarkus/quarkus-vertx-http-deployment-spi/3.8.1/quarkus-vertx-http-deployment-spi-3.8.1.pom
Progress (1): 956 B
                   
Downloaded from central: https://repo.maven.apache.org/maven2/io/quarkus/quarkus-vertx-http-deployment-spi/3.8.1/quarkus-vertx-http-deployment-spi-3.8.1.pom (956 B at 8.0 kB/s)
Downloading from central: https://repo.maven.apache.org/maven2/io/quarkus/quarkus-kubernetes-spi/3.8.1/quarkus-kubernetes-spi-3.8.1.pom
Progress (1): 1.2 kB
                    
Downloaded from central: https://repo.maven.apache.org/maven2/io/quarkus/quarkus-kubernetes-spi/3.8.1/quarkus-kubernetes-spi-3.8.1.pom (1.2 kB at 8.8 kB/s)
Downloading from central: https://repo.maven.apache.org/maven2/io/quarkus/quarkus-kubernetes-parent/3.8.1/quarkus-kubernetes-parent-3.8.1.pom
Progress (1): 833 B
                   
Downloaded from central: https://repo.maven.apache.org/maven2/io/quarkus/quarkus-kubernetes-parent/3.8.1/quarkus-kubernetes-parent-3.8.1.pom (833 B at 6.9 kB/s)
Downloading from central: https://repo.maven.apache.org/maven2/io/quarkus/quarkus-vertx-http-dev-ui-resources/3.8.1/quarkus-vertx-http-dev-ui-resources-3.8.1.pom
Progress (1): 2.1 kB
Progress (1): 4.0 kB
                    
Downloaded from central: https://repo.maven.apache.org/maven2/io/quarkus/quarkus-vertx-http-dev-ui-resources/3.8.1/quarkus-vertx-http-dev-ui-resources-3.8.1.pom (4.0 kB at 27 kB/s)
Downloading from central: https://repo.maven.apache.org/maven2/org/mvnpm/at/mvnpm/vaadin-webcomponents/24.3.5/vaadin-webcomponents-24.3.5.pom
Progress (1): 1.6 kB
Progress (1): 3.2 kB
                    
Downloaded from central: https://repo.maven.apache.org/maven2/org/mvnpm/at/mvnpm/vaadin-webcomponents/24.3.5/vaadin-webcomponents-24.3.5.pom (3.2 kB at 25 kB/s)
Downloading from central: https://repo.maven.apache.org/maven2/org/mvnpm/echarts/5.4.3/echarts-5.4.3.pom
Progress (1): 1.4 kB
Progress (1): 2.5 kB
                    
Downloaded from central: https://repo.maven.apache.org/maven2/org/mvnpm/echarts/5.4.3/echarts-5.4.3.pom (2.5 kB at 20 kB/s)
Downloading from central: https://repo.maven.apache.org/maven2/org/mvnpm/zrender/5.4.4/zrender-5.4.4.pom
Progress (1): 1.5 kB
Progress (1): 3.0 kB
                    
Downloaded from central: https://repo.maven.apache.org/maven2/org/mvnpm/zrender/5.4.4/zrender-5.4.4.pom (3.0 kB at 22 kB/s)
Downloading from central: https://repo.maven.apache.org/maven2/org/mvnpm/at/vanillawc/wc-codemirror/2.1.0/wc-codemirror-2.1.0.pom
Progress (1): 1.3 kB
                    
Downloaded from central: https://repo.maven.apache.org/maven2/org/mvnpm/at/vanillawc/wc-codemirror/2.1.0/wc-codemirror-2.1.0.pom (1.3 kB at 9.7 kB/s)
Downloading from central: https://repo.maven.apache.org/maven2/org/mvnpm/es-module-shims/1.8.2/es-module-shims-1.8.2.pom
Progress (1): 1.3 kB
                    
Downloaded from central: https://repo.maven.apache.org/maven2/org/mvnpm/es-module-shims/1.8.2/es-module-shims-1.8.2.pom (1.3 kB at 11 kB/s)
Downloading from central: https://repo.maven.apache.org/maven2/io/quarkus/quarkus-resteasy-reactive-server-spi-deployment/3.8.1/quarkus-resteasy-reactive-server-spi-deployment-3.8.1.pom
Progress (1): 1.0 kB
                    
Downloaded from central: https://repo.maven.apache.org/maven2/io/quarkus/quarkus-resteasy-reactive-server-spi-deployment/3.8.1/quarkus-resteasy-reactive-server-spi-deployment-3.8.1.pom (1.0 kB at 5.9 kB/s)
Downloading from central: https://repo.maven.apache.org/maven2/io/quarkus/quarkus-resteasy-reactive-spi-deployment/3.8.1/quarkus-resteasy-reactive-spi-deployment-3.8.1.pom
Progress (1): 934 B
                   
Downloaded from central: https://repo.maven.apache.org/maven2/io/quarkus/quarkus-resteasy-reactive-spi-deployment/3.8.1/quarkus-resteasy-reactive-spi-deployment-3.8.1.pom (934 B at 5.7 kB/s)
Downloading from central: https://repo.maven.apache.org/maven2/io/quarkus/quarkus-jaxrs-spi-deployment/3.8.1/quarkus-jaxrs-spi-deployment-3.8.1.pom
Progress (1): 773 B
                   
Downloaded from central: https://repo.maven.apache.org/maven2/io/quarkus/quarkus-jaxrs-spi-deployment/3.8.1/quarkus-jaxrs-spi-deployment-3.8.1.pom (773 B at 4.5 kB/s)
Downloading from central: https://repo.maven.apache.org/maven2/io/quarkus/quarkus-jaxrs-spi-parent/3.8.1/quarkus-jaxrs-spi-parent-3.8.1.pom
Progress (1): 717 B
                   
Downloaded from central: https://repo.maven.apache.org/maven2/io/quarkus/quarkus-jaxrs-spi-parent/3.8.1/quarkus-jaxrs-spi-parent-3.8.1.pom (717 B at 5.5 kB/s)
Downloading from central: https://repo.maven.apache.org/maven2/io/quarkus/quarkus-security-spi/3.8.1/quarkus-security-spi-3.8.1.pom
Progress (1): 1.5 kB
                    
Downloaded from central: https://repo.maven.apache.org/maven2/io/quarkus/quarkus-security-spi/3.8.1/quarkus-security-spi-3.8.1.pom (1.5 kB at 6.0 kB/s)
Downloading from central: https://repo.maven.apache.org/maven2/io/quarkus/quarkus-jackson-spi/3.8.1/quarkus-jackson-spi-3.8.1.pom
Progress (1): 829 B
                   
Downloaded from central: https://repo.maven.apache.org/maven2/io/quarkus/quarkus-jackson-spi/3.8.1/quarkus-jackson-spi-3.8.1.pom (829 B at 3.5 kB/s)
Downloading from central: https://repo.maven.apache.org/maven2/io/quarkus/quarkus-agroal-spi/3.8.1/quarkus-agroal-spi-3.8.1.pom
Progress (1): 1.1 kB
                    
Downloaded from central: https://repo.maven.apache.org/maven2/io/quarkus/quarkus-agroal-spi/3.8.1/quarkus-agroal-spi-3.8.1.pom (1.1 kB at 4.2 kB/s)
Downloading from central: https://repo.maven.apache.org/maven2/io/quarkus/quarkus-datasource-deployment-spi/3.8.1/quarkus-datasource-deployment-spi-3.8.1.pom
Progress (1): 1.1 kB
                    
Downloaded from central: https://repo.maven.apache.org/maven2/io/quarkus/quarkus-datasource-deployment-spi/3.8.1/quarkus-datasource-deployment-spi-3.8.1.pom (1.1 kB at 5.0 kB/s)
Downloading from central: https://repo.maven.apache.org/maven2/io/quarkus/quarkus-devservices-mysql/3.8.1/quarkus-devservices-mysql-3.8.1.pom
Progress (1): 1.9 kB
Progress (1): 2.5 kB
                    
Downloaded from central: https://repo.maven.apache.org/maven2/io/quarkus/quarkus-devservices-mysql/3.8.1/quarkus-devservices-mysql-3.8.1.pom (2.5 kB at 15 kB/s)
Downloading from central: https://repo.maven.apache.org/maven2/io/quarkus/quarkus-devservices-parent/3.8.1/quarkus-devservices-parent-3.8.1.pom
Progress (1): 1.2 kB
                    
Downloaded from central: https://repo.maven.apache.org/maven2/io/quarkus/quarkus-devservices-parent/3.8.1/quarkus-devservices-parent-3.8.1.pom (1.2 kB at 6.4 kB/s)
Downloading from central: https://repo.maven.apache.org/maven2/org/testcontainers/mysql/1.19.4/mysql-1.19.4.pom
Progress (1): 1.3 kB
Progress (1): 1.5 kB
                    
Downloaded from central: https://repo.maven.apache.org/maven2/org/testcontainers/mysql/1.19.4/mysql-1.19.4.pom (1.5 kB at 12 kB/s)
Downloading from central: https://repo.maven.apache.org/maven2/org/testcontainers/jdbc/1.19.4/jdbc-1.19.4.pom
Progress (1): 1.3 kB
Progress (1): 1.5 kB
                    
Downloaded from central: https://repo.maven.apache.org/maven2/org/testcontainers/jdbc/1.19.4/jdbc-1.19.4.pom (1.5 kB at 13 kB/s)
Downloading from central: https://repo.maven.apache.org/maven2/org/testcontainers/database-commons/1.19.4/database-commons-1.19.4.pom
Progress (1): 1.3 kB
Progress (1): 1.5 kB
                    
Downloaded from central: https://repo.maven.apache.org/maven2/org/testcontainers/database-commons/1.19.4/database-commons-1.19.4.pom (1.5 kB at 13 kB/s)
Downloading from central: https://repo.maven.apache.org/maven2/org/testcontainers/testcontainers/1.19.4/testcontainers-1.19.4.pom
Progress (1): 1.3 kB
Progress (1): 2.6 kB
                    
Downloaded from central: https://repo.maven.apache.org/maven2/org/testcontainers/testcontainers/1.19.4/testcontainers-1.19.4.pom (2.6 kB at 19 kB/s)
Downloading from central: https://repo.maven.apache.org/maven2/com/github/docker-java/docker-java-api/3.3.4/docker-java-api-3.3.4.pom
Progress (1): 1.4 kB
Progress (1): 2.3 kB
                    
Downloaded from central: https://repo.maven.apache.org/maven2/com/github/docker-java/docker-java-api/3.3.4/docker-java-api-3.3.4.pom (2.3 kB at 19 kB/s)
Downloading from central: https://repo.maven.apache.org/maven2/com/github/docker-java/docker-java-parent/3.3.4/docker-java-parent-3.3.4.pom
Progress (1): 1.1 kB
Progress (1): 2.7 kB
Progress (1): 5.7 kB
Progress (1): 8.9 kB
Progress (1): 12 kB 
Progress (1): 12 kB
                   
Downloaded from central: https://repo.maven.apache.org/maven2/com/github/docker-java/docker-java-parent/3.3.4/docker-java-parent-3.3.4.pom (12 kB at 102 kB/s)
Downloading from central: https://repo.maven.apache.org/maven2/com/github/docker-java/docker-java-transport-zerodep/3.3.4/docker-java-transport-zerodep-3.3.4.pom
Progress (1): 1.4 kB
Progress (1): 4.1 kB
                    
Downloaded from central: https://repo.maven.apache.org/maven2/com/github/docker-java/docker-java-transport-zerodep/3.3.4/docker-java-transport-zerodep-3.3.4.pom (4.1 kB at 36 kB/s)
Downloading from central: https://repo.maven.apache.org/maven2/com/github/docker-java/docker-java-transport/3.3.4/docker-java-transport-3.3.4.pom
Progress (1): 1.4 kB
Progress (1): 1.6 kB
                    
Downloaded from central: https://repo.maven.apache.org/maven2/com/github/docker-java/docker-java-transport/3.3.4/docker-java-transport-3.3.4.pom (1.6 kB at 14 kB/s)
Downloading from central: https://repo.maven.apache.org/maven2/io/quarkus/quarkus-devservices-common/3.8.1/quarkus-devservices-common-3.8.1.pom
Progress (1): 1.6 kB
Progress (1): 2.0 kB
                    
Downloaded from central: https://repo.maven.apache.org/maven2/io/quarkus/quarkus-devservices-common/3.8.1/quarkus-devservices-common-3.8.1.pom (2.0 kB at 18 kB/s)
Downloading from central: https://repo.maven.apache.org/maven2/io/quarkus/quarkus-junit4-mock/3.8.1/quarkus-junit4-mock-3.8.1.pom
Progress (1): 713 B
                   
Downloaded from central: https://repo.maven.apache.org/maven2/io/quarkus/quarkus-junit4-mock/3.8.1/quarkus-junit4-mock-3.8.1.pom (713 B at 6.1 kB/s)
Downloading from central: https://repo.maven.apache.org/maven2/io/quarkus/quarkus-smallrye-health-spi/3.8.1/quarkus-smallrye-health-spi-3.8.1.pom
Progress (1): 769 B
                   
Downloaded from central: https://repo.maven.apache.org/maven2/io/quarkus/quarkus-smallrye-health-spi/3.8.1/quarkus-smallrye-health-spi-3.8.1.pom (769 B at 6.3 kB/s)
Downloading from central: https://repo.maven.apache.org/maven2/io/quarkus/quarkus-smallrye-health-parent/3.8.1/quarkus-smallrye-health-parent-3.8.1.pom
Progress (1): 781 B
                   
Downloaded from central: https://repo.maven.apache.org/maven2/io/quarkus/quarkus-smallrye-health-parent/3.8.1/quarkus-smallrye-health-parent-3.8.1.pom (781 B at 6.6 kB/s)
Downloading from central: https://repo.maven.apache.org/maven2/org/testcontainers/mongodb/1.19.4/mongodb-1.19.4.pom
Progress (1): 1.3 kB
Progress (1): 1.5 kB
                    
Downloaded from central: https://repo.maven.apache.org/maven2/org/testcontainers/mongodb/1.19.4/mongodb-1.19.4.pom (1.5 kB at 7.4 kB/s)
Downloading from central: https://repo.maven.apache.org/maven2/io/quarkus/quarkus-devservices-deployment/3.8.1/quarkus-devservices-deployment-3.8.1.pom
Progress (1): 1.7 kB
                    
Downloaded from central: https://repo.maven.apache.org/maven2/io/quarkus/quarkus-devservices-deployment/3.8.1/quarkus-devservices-deployment-3.8.1.pom (1.7 kB at 10 kB/s)
Downloading from central: https://repo.maven.apache.org/maven2/io/quarkus/quarkus-kubernetes-service-binding-spi/3.8.1/quarkus-kubernetes-service-binding-spi-3.8.1.pom
Progress (1): 913 B
                   
Downloaded from central: https://repo.maven.apache.org/maven2/io/quarkus/quarkus-kubernetes-service-binding-spi/3.8.1/quarkus-kubernetes-service-binding-spi-3.8.1.pom (913 B at 5.3 kB/s)
Downloading from central: https://repo.maven.apache.org/maven2/io/quarkus/quarkus-kubernetes-service-binding-parent/3.8.1/quarkus-kubernetes-service-binding-parent-3.8.1.pom
Progress (1): 804 B
                   
Downloaded from central: https://repo.maven.apache.org/maven2/io/quarkus/quarkus-kubernetes-service-binding-parent/3.8.1/quarkus-kubernetes-service-binding-parent-3.8.1.pom (804 B at 4.6 kB/s)
Downloading from central: https://repo.maven.apache.org/maven2/io/quarkus/quarkus-panache-common-deployment/3.8.1/quarkus-panache-common-deployment-3.8.1.pom
Progress (1): 1.5 kB
                    
Downloaded from central: https://repo.maven.apache.org/maven2/io/quarkus/quarkus-panache-common-deployment/3.8.1/quarkus-panache-common-deployment-3.8.1.pom (1.5 kB at 1.0 kB/s)
Downloading from central: https://repo.maven.apache.org/maven2/io/quarkus/quarkus-hibernate-orm-deployment-spi/3.8.1/quarkus-hibernate-orm-deployment-spi-3.8.1.pom
Progress (1): 787 B
                   
Downloaded from central: https://repo.maven.apache.org/maven2/io/quarkus/quarkus-hibernate-orm-deployment-spi/3.8.1/quarkus-hibernate-orm-deployment-spi-3.8.1.pom (787 B at 1.2 kB/s)
Downloading from central: https://repo.maven.apache.org/maven2/io/quarkus/quarkus-credentials-deployment/3.8.1/quarkus-credentials-deployment-3.8.1.pom
Progress (1): 1.7 kB
                    
Downloaded from central: https://repo.maven.apache.org/maven2/io/quarkus/quarkus-credentials-deployment/3.8.1/quarkus-credentials-deployment-3.8.1.pom (1.7 kB at 2.9 kB/s)
Downloading from central: https://repo.maven.apache.org/maven2/io/quarkus/quarkus-panache-hibernate-common-deployment/3.8.1/quarkus-panache-hibernate-common-deployment-3.8.1.pom
Progress (1): 2.1 kB
Progress (1): 2.1 kB
                    
Downloaded from central: https://repo.maven.apache.org/maven2/io/quarkus/quarkus-panache-hibernate-common-deployment/3.8.1/quarkus-panache-hibernate-common-deployment-3.8.1.pom (2.1 kB at 6.4 kB/s)
Downloading from central: https://repo.maven.apache.org/maven2/io/quarkus/quarkus-jsonb-spi/3.8.1/quarkus-jsonb-spi-3.8.1.pom
Progress (1): 822 B
                   
Downloaded from central: https://repo.maven.apache.org/maven2/io/quarkus/quarkus-jsonb-spi/3.8.1/quarkus-jsonb-spi-3.8.1.pom (822 B at 2.7 kB/s)
Downloading from central: https://repo.maven.apache.org/maven2/io/quarkus/quarkus-jsonb-parent/3.8.1/quarkus-jsonb-parent-3.8.1.pom
Progress (1): 761 B
                   
Downloaded from central: https://repo.maven.apache.org/maven2/io/quarkus/quarkus-jsonb-parent/3.8.1/quarkus-jsonb-parent-3.8.1.pom (761 B at 2.4 kB/s)
Downloading from central: https://repo.maven.apache.org/maven2/io/quarkus/quarkus-smallrye-context-propagation-spi/3.8.1/quarkus-smallrye-context-propagation-spi-3.8.1.jar
Progress (1): 3.6 kB
                    
Downloaded from central: https://repo.maven.apache.org/maven2/io/quarkus/quarkus-smallrye-context-propagation-spi/3.8.1/quarkus-smallrye-context-propagation-spi-3.8.1.jar (3.6 kB at 31 kB/s)
Downloading from central: https://repo.maven.apache.org/maven2/io/quarkus/quarkus-vertx-http-dev-ui-spi/3.8.1/quarkus-vertx-http-dev-ui-spi-3.8.1.jar
Progress (1): 8.2/26 kB
Progress (1): 16/26 kB 
Progress (1): 26 kB   
                   
Downloaded from central: https://repo.maven.apache.org/maven2/io/quarkus/quarkus-vertx-http-dev-ui-spi/3.8.1/quarkus-vertx-http-dev-ui-spi-3.8.1.jar (26 kB at 138 kB/s)
Downloading from central: https://repo.maven.apache.org/maven2/io/quarkus/arc/arc-processor/3.8.1/arc-processor-3.8.1.jar
Progress (1): 7.7/673 kB
Progress (1): 16/673 kB 
Progress (1): 25/673 kB
Progress (1): 33/673 kB
Progress (1): 49/673 kB
Progress (1): 66/673 kB
Progress (1): 82/673 kB
Progress (1): 90/673 kB
Progress (1): 106/673 kB
Progress (1): 115/673 kB
Progress (1): 123/673 kB
Progress (1): 139/673 kB
Progress (1): 147/673 kB
Progress (1): 164/673 kB
Progress (1): 180/673 kB
Progress (1): 197/673 kB
Progress (1): 213/673 kB
Progress (1): 229/673 kB
Progress (1): 246/673 kB
Progress (1): 262/673 kB
Progress (1): 279/673 kB
Progress (1): 295/673 kB
Progress (1): 311/673 kB
Progress (1): 328/673 kB
Progress (1): 344/673 kB
Progress (1): 360/673 kB
Progress (1): 377/673 kB
Progress (1): 393/673 kB
Progress (1): 410/673 kB
Progress (1): 426/673 kB
Progress (1): 442/673 kB
Progress (1): 459/673 kB
Progress (1): 475/673 kB
Progress (1): 492/673 kB
Progress (1): 508/673 kB
Progress (1): 524/673 kB
Progress (1): 541/673 kB
Progress (1): 557/673 kB
Progress (1): 573/673 kB
Progress (1): 590/673 kB
Progress (1): 606/673 kB
Progress (1): 623/673 kB
Progress (1): 639/673 kB
Progress (1): 655/673 kB
Progress (1): 672/673 kB
Progress (1): 673 kB    
                    
Downloaded from central: https://repo.maven.apache.org/maven2/io/quarkus/arc/arc-processor/3.8.1/arc-processor-3.8.1.jar (673 kB at 561 kB/s)
Downloading from central: https://repo.maven.apache.org/maven2/io/quarkus/quarkus-arc-test-supplement/3.8.1/quarkus-arc-test-supplement-3.8.1.jar
Progress (1): 2.9 kB
                    
Downloaded from central: https://repo.maven.apache.org/maven2/io/quarkus/quarkus-arc-test-supplement/3.8.1/quarkus-arc-test-supplement-3.8.1.jar (2.9 kB at 26 kB/s)
Downloading from central: https://repo.maven.apache.org/maven2/io/quarkus/resteasy/reactive/resteasy-reactive-common-processor/3.8.1/resteasy-reactive-common-processor-3.8.1.jar
Progress (1): 7.7/128 kB
Progress (1): 16/128 kB 
Progress (1): 25/128 kB
Progress (1): 41/128 kB
Progress (1): 49/128 kB
Progress (1): 66/128 kB
Progress (1): 82/128 kB
Progress (1): 98/128 kB
Progress (1): 106/128 kB
Progress (1): 115/128 kB
Progress (1): 123/128 kB
Progress (1): 128 kB    
                    
Downloaded from central: https://repo.maven.apache.org/maven2/io/quarkus/resteasy/reactive/resteasy-reactive-common-processor/3.8.1/resteasy-reactive-common-processor-3.8.1.jar (128 kB at 307 kB/s)
Downloading from central: https://repo.maven.apache.org/maven2/io/quarkus/resteasy/reactive/resteasy-reactive-processor/3.8.1/resteasy-reactive-processor-3.8.1.jar
Progress (1): 7.7/146 kB
Progress (1): 16/146 kB 
Progress (1): 24/146 kB
Progress (1): 41/146 kB
Progress (1): 57/146 kB
Progress (1): 73/146 kB
Progress (1): 90/146 kB
Progress (1): 106/146 kB
Progress (1): 122/146 kB
Progress (1): 139/146 kB
Progress (1): 146 kB    
                    
Downloaded from central: https://repo.maven.apache.org/maven2/io/quarkus/resteasy/reactive/resteasy-reactive-processor/3.8.1/resteasy-reactive-processor-3.8.1.jar (146 kB at 126 kB/s)
Downloading from central: https://repo.maven.apache.org/maven2/io/quarkus/quarkus-vertx-http-deployment-spi/3.8.1/quarkus-vertx-http-deployment-spi-3.8.1.jar
Progress (1): 7.7/12 kB
Progress (1): 11/12 kB 
Progress (1): 12 kB   
                   
Downloaded from central: https://repo.maven.apache.org/maven2/io/quarkus/quarkus-vertx-http-deployment-spi/3.8.1/quarkus-vertx-http-deployment-spi-3.8.1.jar (12 kB at 55 kB/s)
Downloading from central: https://repo.maven.apache.org/maven2/io/quarkus/quarkus-kubernetes-spi/3.8.1/quarkus-kubernetes-spi-3.8.1.jar
Progress (1): 7.7/35 kB
Progress (1): 8.2/35 kB
Progress (1): 25/35 kB 
Progress (1): 35 kB   
                   
Downloaded from central: https://repo.maven.apache.org/maven2/io/quarkus/quarkus-kubernetes-spi/3.8.1/quarkus-kubernetes-spi-3.8.1.jar (35 kB at 141 kB/s)
Downloading from central: https://repo.maven.apache.org/maven2/org/mvnpm/at/mvnpm/vaadin-webcomponents/24.3.5/vaadin-webcomponents-24.3.5.jar
Progress (1): 0/2.5 MB
Progress (1): 0/2.5 MB
Progress (1): 0/2.5 MB
Progress (1): 0/2.5 MB
Progress (1): 0/2.5 MB
Progress (1): 0.1/2.5 MB
Progress (1): 0.1/2.5 MB
Progress (1): 0.1/2.5 MB
Progress (1): 0.1/2.5 MB
Progress (1): 0.1/2.5 MB
Progress (1): 0.1/2.5 MB
Progress (1): 0.2/2.5 MB
Progress (1): 0.2/2.5 MB
Progress (1): 0.2/2.5 MB
Progress (1): 0.2/2.5 MB
Progress (1): 0.2/2.5 MB
Progress (1): 0.2/2.5 MB
Progress (1): 0.3/2.5 MB
Progress (1): 0.3/2.5 MB
Progress (1): 0.3/2.5 MB
Progress (1): 0.3/2.5 MB
Progress (1): 0.3/2.5 MB
Progress (1): 0.3/2.5 MB
Progress (1): 0.4/2.5 MB
Progress (1): 0.4/2.5 MB
Progress (1): 0.4/2.5 MB
Progress (1): 0.4/2.5 MB
Progress (1): 0.4/2.5 MB
Progress (1): 0.4/2.5 MB
Progress (1): 0.5/2.5 MB
Progress (1): 0.5/2.5 MB
Progress (1): 0.5/2.5 MB
Progress (1): 0.5/2.5 MB
Progress (1): 0.5/2.5 MB
Progress (1): 0.5/2.5 MB
Progress (1): 0.5/2.5 MB
Progress (1): 0.6/2.5 MB
Progress (1): 0.6/2.5 MB
Progress (1): 0.6/2.5 MB
Progress (1): 0.6/2.5 MB
Progress (1): 0.6/2.5 MB
Progress (1): 0.6/2.5 MB
Progress (1): 0.7/2.5 MB
Progress (1): 0.7/2.5 MB
Progress (1): 0.7/2.5 MB
Progress (1): 0.7/2.5 MB
Progress (1): 0.7/2.5 MB
Progress (1): 0.7/2.5 MB
Progress (1): 0.8/2.5 MB
Progress (1): 0.8/2.5 MB
Progress (1): 0.8/2.5 MB
Progress (1): 0.8/2.5 MB
Progress (1): 0.8/2.5 MB
Progress (1): 0.8/2.5 MB
Progress (1): 0.9/2.5 MB
Progress (1): 0.9/2.5 MB
Progress (1): 0.9/2.5 MB
Progress (1): 0.9/2.5 MB
Progress (1): 0.9/2.5 MB
Progress (1): 0.9/2.5 MB
Progress (1): 1.0/2.5 MB
Progress (1): 1.0/2.5 MB
Progress (1): 1.0/2.5 MB
Progress (1): 1.0/2.5 MB
Progress (1): 1.0/2.5 MB
Progress (1): 1.0/2.5 MB
Progress (1): 1.0/2.5 MB
Progress (1): 1.1/2.5 MB
Progress (1): 1.1/2.5 MB
Progress (1): 1.1/2.5 MB
Progress (1): 1.1/2.5 MB
Progress (1): 1.1/2.5 MB
Progress (1): 1.1/2.5 MB
Progress (1): 1.2/2.5 MB
Progress (1): 1.2/2.5 MB
Progress (1): 1.2/2.5 MB
Progress (1): 1.2/2.5 MB
Progress (1): 1.2/2.5 MB
Progress (1): 1.2/2.5 MB
Progress (1): 1.3/2.5 MB
Progress (1): 1.3/2.5 MB
Progress (1): 1.3/2.5 MB
Progress (1): 1.3/2.5 MB
Progress (1): 1.3/2.5 MB
Progress (1): 1.3/2.5 MB
Progress (1): 1.4/2.5 MB
Progress (1): 1.4/2.5 MB
Progress (1): 1.4/2.5 MB
Progress (1): 1.4/2.5 MB
Progress (1): 1.4/2.5 MB
Progress (1): 1.4/2.5 MB
Progress (1): 1.5/2.5 MB
Progress (1): 1.5/2.5 MB
Progress (1): 1.5/2.5 MB
Progress (1): 1.5/2.5 MB
Progress (1): 1.5/2.5 MB
Progress (1): 1.5/2.5 MB
Progress (1): 1.6/2.5 MB
Progress (1): 1.6/2.5 MB
Progress (1): 1.6/2.5 MB
Progress (1): 1.6/2.5 MB
Progress (1): 1.6/2.5 MB
Progress (1): 1.6/2.5 MB
Progress (1): 1.7/2.5 MB
Progress (1): 1.7/2.5 MB
Progress (1): 1.7/2.5 MB
Progress (1): 1.7/2.5 MB
Progress (1): 1.7/2.5 MB
Progress (1): 1.7/2.5 MB
Progress (1): 1.8/2.5 MB
Progress (1): 1.8/2.5 MB
Progress (1): 1.8/2.5 MB
Progress (1): 1.8/2.5 MB
Progress (1): 1.8/2.5 MB
Progress (1): 1.8/2.5 MB
Progress (1): 1.9/2.5 MB
Progress (1): 1.9/2.5 MB
Progress (1): 1.9/2.5 MB
Progress (1): 1.9/2.5 MB
Progress (1): 1.9/2.5 MB
Progress (1): 1.9/2.5 MB
Progress (1): 1.9/2.5 MB
Progress (1): 1.9/2.5 MB
Progress (1): 2.0/2.5 MB
Progress (1): 2.0/2.5 MB
Progress (1): 2.0/2.5 MB
Progress (1): 2.0/2.5 MB
Progress (1): 2.0/2.5 MB
Progress (1): 2.0/2.5 MB
Progress (1): 2.1/2.5 MB
Progress (1): 2.1/2.5 MB
Progress (1): 2.1/2.5 MB
Progress (1): 2.1/2.5 MB
Progress (1): 2.1/2.5 MB
Progress (1): 2.1/2.5 MB
Progress (1): 2.1/2.5 MB
Progress (1): 2.2/2.5 MB
Progress (1): 2.2/2.5 MB
Progress (1): 2.2/2.5 MB
Progress (1): 2.2/2.5 MB
Progress (1): 2.2/2.5 MB
Progress (1): 2.2/2.5 MB
Progress (1): 2.3/2.5 MB
Progress (1): 2.3/2.5 MB
Progress (1): 2.3/2.5 MB
Progress (1): 2.3/2.5 MB
Progress (1): 2.3/2.5 MB
Progress (1): 2.3/2.5 MB
Progress (1): 2.4/2.5 MB
Progress (1): 2.4/2.5 MB
Progress (1): 2.4/2.5 MB
Progress (1): 2.4/2.5 MB
Progress (1): 2.4/2.5 MB
Progress (1): 2.4/2.5 MB
Progress (1): 2.5/2.5 MB
Progress (1): 2.5/2.5 MB
Progress (1): 2.5 MB    
                    
Downloaded from central: https://repo.maven.apache.org/maven2/org/mvnpm/at/mvnpm/vaadin-webcomponents/24.3.5/vaadin-webcomponents-24.3.5.jar (2.5 MB at 339 kB/s)
Downloading from central: https://repo.maven.apache.org/maven2/org/mvnpm/zrender/5.4.4/zrender-5.4.4.jar
Progress (1): 3.2/676 kB
Progress (1): 20/676 kB 
Progress (1): 36/676 kB
Progress (1): 52/676 kB
Progress (1): 69/676 kB
Progress (1): 85/676 kB
Progress (1): 102/676 kB
Progress (1): 118/676 kB
Progress (1): 134/676 kB
Progress (1): 151/676 kB
Progress (1): 167/676 kB
Progress (1): 183/676 kB
Progress (1): 200/676 kB
Progress (1): 216/676 kB
Progress (1): 233/676 kB
Progress (1): 249/676 kB
Progress (1): 265/676 kB
Progress (1): 282/676 kB
Progress (1): 298/676 kB
Progress (1): 314/676 kB
Progress (1): 331/676 kB
Progress (1): 347/676 kB
Progress (1): 364/676 kB
Progress (1): 380/676 kB
Progress (1): 396/676 kB
Progress (1): 413/676 kB
Progress (1): 429/676 kB
Progress (1): 446/676 kB
Progress (1): 462/676 kB
Progress (1): 478/676 kB
Progress (1): 495/676 kB
Progress (1): 511/676 kB
Progress (1): 527/676 kB
Progress (1): 544/676 kB
Progress (1): 560/676 kB
Progress (1): 577/676 kB
Progress (1): 593/676 kB
Progress (1): 609/676 kB
Progress (1): 626/676 kB
Progress (1): 642/676 kB
Progress (1): 659/676 kB
Progress (1): 675/676 kB
Progress (1): 676 kB    
                    
Downloaded from central: https://repo.maven.apache.org/maven2/org/mvnpm/zrender/5.4.4/zrender-5.4.4.jar (676 kB at 479 kB/s)
Downloading from central: https://repo.maven.apache.org/maven2/org/mvnpm/echarts/5.4.3/echarts-5.4.3.jar
Progress (1): 0/8.6 MB
Progress (1): 0/8.6 MB
Progress (1): 0/8.6 MB
Progress (1): 0/8.6 MB
Progress (1): 0.1/8.6 MB
Progress (1): 0.1/8.6 MB
Progress (1): 0.1/8.6 MB
Progress (1): 0.1/8.6 MB
Progress (1): 0.1/8.6 MB
Progress (1): 0.1/8.6 MB
Progress (1): 0.1/8.6 MB
Progress (1): 0.2/8.6 MB
Progress (1): 0.2/8.6 MB
Progress (1): 0.2/8.6 MB
Progress (1): 0.2/8.6 MB
Progress (1): 0.2/8.6 MB
Progress (1): 0.2/8.6 MB
Progress (1): 0.3/8.6 MB
Progress (1): 0.3/8.6 MB
Progress (1): 0.3/8.6 MB
Progress (1): 0.3/8.6 MB
Progress (1): 0.3/8.6 MB
Progress (1): 0.3/8.6 MB
Progress (1): 0.4/8.6 MB
Progress (1): 0.4/8.6 MB
Progress (1): 0.4/8.6 MB
Progress (1): 0.4/8.6 MB
Progress (1): 0.4/8.6 MB
Progress (1): 0.4/8.6 MB
Progress (1): 0.5/8.6 MB
Progress (1): 0.5/8.6 MB
Progress (1): 0.5/8.6 MB
Progress (1): 0.5/8.6 MB
Progress (1): 0.5/8.6 MB
Progress (1): 0.5/8.6 MB
Progress (1): 0.5/8.6 MB
Progress (1): 0.6/8.6 MB
Progress (1): 0.6/8.6 MB
Progress (1): 0.6/8.6 MB
Progress (1): 0.6/8.6 MB
Progress (1): 0.6/8.6 MB
Progress (1): 0.6/8.6 MB
Progress (1): 0.7/8.6 MB
Progress (1): 0.7/8.6 MB
Progress (1): 0.7/8.6 MB
Progress (1): 0.7/8.6 MB
Progress (1): 0.7/8.6 MB
Progress (1): 0.7/8.6 MB
Progress (1): 0.8/8.6 MB
Progress (1): 0.8/8.6 MB
Progress (1): 0.8/8.6 MB
Progress (1): 0.8/8.6 MB
Progress (1): 0.8/8.6 MB
Progress (1): 0.8/8.6 MB
Progress (1): 0.9/8.6 MB
Progress (1): 0.9/8.6 MB
Progress (1): 0.9/8.6 MB
Progress (1): 0.9/8.6 MB
Progress (1): 0.9/8.6 MB
Progress (1): 0.9/8.6 MB
Progress (1): 1.0/8.6 MB
Progress (1): 1.0/8.6 MB
Progress (1): 1.0/8.6 MB
Progress (1): 1.0/8.6 MB
Progress (1): 1.0/8.6 MB
Progress (1): 1.0/8.6 MB
Progress (1): 1.1/8.6 MB
Progress (1): 1.1/8.6 MB
Progress (1): 1.1/8.6 MB
Progress (1): 1.1/8.6 MB
Progress (1): 1.1/8.6 MB
Progress (1): 1.1/8.6 MB
Progress (1): 1.2/8.6 MB
Progress (1): 1.2/8.6 MB
Progress (1): 1.2/8.6 MB
Progress (1): 1.2/8.6 MB
Progress (1): 1.2/8.6 MB
Progress (1): 1.2/8.6 MB
Progress (1): 1.3/8.6 MB
Progress (1): 1.3/8.6 MB
Progress (1): 1.3/8.6 MB
Progress (1): 1.3/8.6 MB
Progress (1): 1.3/8.6 MB
Progress (1): 1.3/8.6 MB
Progress (1): 1.4/8.6 MB
Progress (1): 1.4/8.6 MB
Progress (1): 1.4/8.6 MB
Progress (1): 1.4/8.6 MB
Progress (1): 1.4/8.6 MB
Progress (1): 1.4/8.6 MB
Progress (1): 1.4/8.6 MB
Progress (1): 1.5/8.6 MB
Progress (1): 1.5/8.6 MB
Progress (1): 1.5/8.6 MB
Progress (1): 1.5/8.6 MB
Progress (1): 1.5/8.6 MB
Progress (1): 1.5/8.6 MB
Progress (1): 1.6/8.6 MB
Progress (1): 1.6/8.6 MB
Progress (1): 1.6/8.6 MB
Progress (1): 1.6/8.6 MB
Progress (1): 1.6/8.6 MB
Progress (1): 1.6/8.6 MB
Progress (1): 1.7/8.6 MB
Progress (1): 1.7/8.6 MB
Progress (1): 1.7/8.6 MB
Progress (1): 1.7/8.6 MB
Progress (1): 1.7/8.6 MB
Progress (1): 1.7/8.6 MB
Progress (1): 1.8/8.6 MB
Progress (1): 1.8/8.6 MB
Progress (1): 1.8/8.6 MB
Progress (1): 1.8/8.6 MB
Progress (1): 1.8/8.6 MB
Progress (1): 1.8/8.6 MB
Progress (1): 1.9/8.6 MB
Progress (1): 1.9/8.6 MB
Progress (1): 1.9/8.6 MB
Progress (1): 1.9/8.6 MB
Progress (1): 1.9/8.6 MB
Progress (1): 1.9/8.6 MB
Progress (1): 2.0/8.6 MB
Progress (1): 2.0/8.6 MB
Progress (1): 2.0/8.6 MB
Progress (1): 2.0/8.6 MB
Progress (1): 2.0/8.6 MB
Progress (1): 2.0/8.6 MB
Progress (1): 2.1/8.6 MB
Progress (1): 2.1/8.6 MB
Progress (1): 2.1/8.6 MB
Progress (1): 2.1/8.6 MB
Progress (1): 2.1/8.6 MB
Progress (1): 2.1/8.6 MB
Progress (1): 2.2/8.6 MB
Progress (1): 2.2/8.6 MB
Progress (1): 2.2/8.6 MB
Progress (1): 2.2/8.6 MB
Progress (1): 2.2/8.6 MB
Progress (1): 2.2/8.6 MB
Progress (1): 2.3/8.6 MB
Progress (1): 2.3/8.6 MB
Progress (1): 2.3/8.6 MB
Progress (1): 2.3/8.6 MB
Progress (1): 2.3/8.6 MB
Progress (1): 2.3/8.6 MB
Progress (1): 2.3/8.6 MB
Progress (1): 2.4/8.6 MB
Progress (1): 2.4/8.6 MB
Progress (1): 2.4/8.6 MB
Progress (1): 2.4/8.6 MB
Progress (1): 2.4/8.6 MB
Progress (1): 2.4/8.6 MB
Progress (1): 2.5/8.6 MB
Progress (1): 2.5/8.6 MB
Progress (1): 2.5/8.6 MB
Progress (1): 2.5/8.6 MB
Progress (1): 2.5/8.6 MB
Progress (1): 2.5/8.6 MB
Progress (1): 2.5/8.6 MB
Progress (1): 2.6/8.6 MB
Progress (1): 2.6/8.6 MB
Progress (1): 2.6/8.6 MB
Progress (1): 2.6/8.6 MB
Progress (1): 2.6/8.6 MB
Progress (1): 2.6/8.6 MB
Progress (1): 2.7/8.6 MB
Progress (1): 2.7/8.6 MB
Progress (1): 2.7/8.6 MB
Progress (1): 2.7/8.6 MB
Progress (1): 2.7/8.6 MB
Progress (1): 2.7/8.6 MB
Progress (1): 2.8/8.6 MB
Progress (1): 2.8/8.6 MB
Progress (1): 2.8/8.6 MB
Progress (1): 2.8/8.6 MB
Progress (1): 2.8/8.6 MB
Progress (1): 2.8/8.6 MB
Progress (1): 2.9/8.6 MB
Progress (1): 2.9/8.6 MB
Progress (1): 2.9/8.6 MB
Progress (1): 2.9/8.6 MB
Progress (1): 2.9/8.6 MB
Progress (1): 2.9/8.6 MB
Progress (1): 3.0/8.6 MB
Progress (1): 3.0/8.6 MB
Progress (1): 3.0/8.6 MB
Progress (1): 3.0/8.6 MB
Progress (1): 3.0/8.6 MB
Progress (1): 3.0/8.6 MB
Progress (1): 3.1/8.6 MB
Progress (1): 3.1/8.6 MB
Progress (1): 3.1/8.6 MB
Progress (1): 3.1/8.6 MB
Progress (1): 3.1/8.6 MB
Progress (1): 3.1/8.6 MB
Progress (1): 3.2/8.6 MB
Progress (1): 3.2/8.6 MB
Progress (1): 3.2/8.6 MB
Progress (1): 3.2/8.6 MB
Progress (1): 3.2/8.6 MB
Progress (1): 3.2/8.6 MB
Progress (1): 3.3/8.6 MB
Progress (1): 3.3/8.6 MB
Progress (1): 3.3/8.6 MB
Progress (1): 3.3/8.6 MB
Progress (1): 3.3/8.6 MB
Progress (1): 3.3/8.6 MB
Progress (1): 3.4/8.6 MB
Progress (1): 3.4/8.6 MB
Progress (1): 3.4/8.6 MB
Progress (1): 3.4/8.6 MB
Progress (1): 3.4/8.6 MB
Progress (1): 3.4/8.6 MB
Progress (1): 3.4/8.6 MB
Progress (1): 3.5/8.6 MB
Progress (1): 3.5/8.6 MB
Progress (1): 3.5/8.6 MB
Progress (1): 3.5/8.6 MB
Progress (1): 3.5/8.6 MB
Progress (1): 3.5/8.6 MB
Progress (1): 3.6/8.6 MB
Progress (1): 3.6/8.6 MB
Progress (1): 3.6/8.6 MB
Progress (1): 3.6/8.6 MB
Progress (1): 3.6/8.6 MB
Progress (1): 3.6/8.6 MB
Progress (1): 3.7/8.6 MB
Progress (1): 3.7/8.6 MB
Progress (1): 3.7/8.6 MB
Progress (1): 3.7/8.6 MB
Progress (1): 3.7/8.6 MB
Progress (1): 3.7/8.6 MB
Progress (1): 3.8/8.6 MB
Progress (1): 3.8/8.6 MB
Progress (1): 3.8/8.6 MB
Progress (1): 3.8/8.6 MB
Progress (1): 3.8/8.6 MB
Progress (1): 3.8/8.6 MB
Progress (1): 3.9/8.6 MB
Progress (1): 3.9/8.6 MB
Progress (1): 3.9/8.6 MB
Progress (1): 3.9/8.6 MB
Progress (1): 3.9/8.6 MB
Progress (1): 3.9/8.6 MB
Progress (1): 4.0/8.6 MB
Progress (1): 4.0/8.6 MB
Progress (1): 4.0/8.6 MB
Progress (1): 4.0/8.6 MB
Progress (1): 4.0/8.6 MB
Progress (1): 4.0/8.6 MB
Progress (1): 4.1/8.6 MB
Progress (1): 4.1/8.6 MB
Progress (1): 4.1/8.6 MB
Progress (1): 4.1/8.6 MB
Progress (1): 4.1/8.6 MB
Progress (1): 4.1/8.6 MB
Progress (1): 4.2/8.6 MB
Progress (1): 4.2/8.6 MB
Progress (1): 4.2/8.6 MB
Progress (1): 4.2/8.6 MB
Progress (1): 4.2/8.6 MB
Progress (1): 4.2/8.6 MB
Progress (1): 4.2/8.6 MB
Progress (1): 4.3/8.6 MB
Progress (1): 4.3/8.6 MB
Progress (1): 4.3/8.6 MB
Progress (1): 4.3/8.6 MB
Progress (1): 4.3/8.6 MB
Progress (1): 4.3/8.6 MB
Progress (1): 4.4/8.6 MB
Progress (1): 4.4/8.6 MB
Progress (1): 4.4/8.6 MB
Progress (1): 4.4/8.6 MB
Progress (1): 4.4/8.6 MB
Progress (1): 4.4/8.6 MB
Progress (1): 4.5/8.6 MB
Progress (1): 4.5/8.6 MB
Progress (1): 4.5/8.6 MB
Progress (1): 4.5/8.6 MB
Progress (1): 4.5/8.6 MB
Progress (1): 4.5/8.6 MB
Progress (1): 4.6/8.6 MB
Progress (1): 4.6/8.6 MB
Progress (1): 4.6/8.6 MB
Progress (1): 4.6/8.6 MB
Progress (1): 4.6/8.6 MB
Progress (1): 4.6/8.6 MB
Progress (1): 4.7/8.6 MB
Progress (1): 4.7/8.6 MB
Progress (1): 4.7/8.6 MB
Progress (1): 4.7/8.6 MB
Progress (1): 4.7/8.6 MB
Progress (1): 4.7/8.6 MB
Progress (1): 4.8/8.6 MB
Progress (1): 4.8/8.6 MB
Progress (1): 4.8/8.6 MB
Progress (1): 4.8/8.6 MB
Progress (1): 4.8/8.6 MB
Progress (1): 4.8/8.6 MB
Progress (1): 4.9/8.6 MB
Progress (1): 4.9/8.6 MB
Progress (1): 4.9/8.6 MB
Progress (1): 4.9/8.6 MB
Progress (1): 4.9/8.6 MB
Progress (1): 4.9/8.6 MB
Progress (1): 5.0/8.6 MB
Progress (1): 5.0/8.6 MB
Progress (1): 5.0/8.6 MB
Progress (1): 5.0/8.6 MB
Progress (1): 5.0/8.6 MB
Progress (1): 5.0/8.6 MB
Progress (1): 5.1/8.6 MB
Progress (1): 5.1/8.6 MB
Progress (1): 5.1/8.6 MB
Progress (1): 5.1/8.6 MB
Progress (1): 5.1/8.6 MB
Progress (1): 5.1/8.6 MB
Progress (1): 5.1/8.6 MB
Progress (1): 5.2/8.6 MB
Progress (1): 5.2/8.6 MB
Progress (1): 5.2/8.6 MB
Progress (1): 5.2/8.6 MB
Progress (1): 5.2/8.6 MB
Progress (1): 5.2/8.6 MB
Progress (1): 5.3/8.6 MB
Progress (1): 5.3/8.6 MB
Progress (1): 5.3/8.6 MB
Progress (1): 5.3/8.6 MB
Progress (1): 5.3/8.6 MB
Progress (1): 5.3/8.6 MB
Progress (1): 5.4/8.6 MB
Progress (1): 5.4/8.6 MB
Progress (1): 5.4/8.6 MB
Progress (1): 5.4/8.6 MB
Progress (1): 5.4/8.6 MB
Progress (1): 5.4/8.6 MB
Progress (1): 5.5/8.6 MB
Progress (1): 5.5/8.6 MB
Progress (1): 5.5/8.6 MB
Progress (1): 5.5/8.6 MB
Progress (1): 5.5/8.6 MB
Progress (1): 5.5/8.6 MB
Progress (1): 5.5/8.6 MB
Progress (1): 5.6/8.6 MB
Progress (1): 5.6/8.6 MB
Progress (1): 5.6/8.6 MB
Progress (1): 5.6/8.6 MB
Progress (1): 5.6/8.6 MB
Progress (1): 5.6/8.6 MB
Progress (1): 5.7/8.6 MB
Progress (1): 5.7/8.6 MB
Progress (1): 5.7/8.6 MB
Progress (1): 5.7/8.6 MB
Progress (1): 5.7/8.6 MB
Progress (1): 5.7/8.6 MB
Progress (1): 5.7/8.6 MB
Progress (1): 5.8/8.6 MB
Progress (1): 5.8/8.6 MB
Progress (1): 5.8/8.6 MB
Progress (1): 5.8/8.6 MB
Progress (1): 5.8/8.6 MB
Progress (1): 5.8/8.6 MB
Progress (1): 5.9/8.6 MB
Progress (1): 5.9/8.6 MB
Progress (1): 5.9/8.6 MB
Progress (1): 5.9/8.6 MB
Progress (1): 5.9/8.6 MB
Progress (1): 5.9/8.6 MB
Progress (1): 6.0/8.6 MB
Progress (1): 6.0/8.6 MB
Progress (1): 6.0/8.6 MB
Progress (1): 6.0/8.6 MB
Progress (1): 6.0/8.6 MB
Progress (1): 6.0/8.6 MB
Progress (1): 6.1/8.6 MB
Progress (1): 6.1/8.6 MB
Progress (1): 6.1/8.6 MB
Progress (1): 6.1/8.6 MB
Progress (1): 6.1/8.6 MB
Progress (1): 6.1/8.6 MB
Progress (1): 6.2/8.6 MB
Progress (1): 6.2/8.6 MB
Progress (1): 6.2/8.6 MB
Progress (1): 6.2/8.6 MB
Progress (1): 6.2/8.6 MB
Progress (1): 6.2/8.6 MB
Progress (1): 6.3/8.6 MB
Progress (1): 6.3/8.6 MB
Progress (1): 6.3/8.6 MB
Progress (1): 6.3/8.6 MB
Progress (1): 6.3/8.6 MB
Progress (1): 6.3/8.6 MB
Progress (1): 6.4/8.6 MB
Progress (1): 6.4/8.6 MB
Progress (1): 6.4/8.6 MB
Progress (1): 6.4/8.6 MB
Progress (1): 6.4/8.6 MB
Progress (1): 6.4/8.6 MB
Progress (1): 6.5/8.6 MB
Progress (1): 6.5/8.6 MB
Progress (1): 6.5/8.6 MB
Progress (1): 6.5/8.6 MB
Progress (1): 6.5/8.6 MB
Progress (1): 6.5/8.6 MB
Progress (1): 6.5/8.6 MB
Progress (1): 6.6/8.6 MB
Progress (1): 6.6/8.6 MB
Progress (1): 6.6/8.6 MB
Progress (1): 6.6/8.6 MB
Progress (1): 6.6/8.6 MB
Progress (1): 6.6/8.6 MB
Progress (1): 6.7/8.6 MB
Progress (1): 6.7/8.6 MB
Progress (1): 6.7/8.6 MB
Progress (1): 6.7/8.6 MB
Progress (1): 6.7/8.6 MB
Progress (1): 6.7/8.6 MB
Progress (1): 6.8/8.6 MB
Progress (1): 6.8/8.6 MB
Progress (1): 6.8/8.6 MB
Progress (1): 6.8/8.6 MB
Progress (1): 6.8/8.6 MB
Progress (1): 6.8/8.6 MB
Progress (1): 6.9/8.6 MB
Progress (1): 6.9/8.6 MB
Progress (1): 6.9/8.6 MB
Progress (1): 6.9/8.6 MB
Progress (1): 6.9/8.6 MB
Progress (1): 6.9/8.6 MB
Progress (1): 7.0/8.6 MB
Progress (1): 7.0/8.6 MB
Progress (1): 7.0/8.6 MB
Progress (1): 7.0/8.6 MB
Progress (1): 7.0/8.6 MB
Progress (1): 7.0/8.6 MB
Progress (1): 7.1/8.6 MB
Progress (1): 7.1/8.6 MB
Progress (1): 7.1/8.6 MB
Progress (1): 7.1/8.6 MB
Progress (1): 7.1/8.6 MB
Progress (1): 7.1/8.6 MB
Progress (1): 7.2/8.6 MB
Progress (1): 7.2/8.6 MB
Progress (1): 7.2/8.6 MB
Progress (1): 7.2/8.6 MB
Progress (1): 7.2/8.6 MB
Progress (1): 7.2/8.6 MB
Progress (1): 7.2/8.6 MB
Progress (1): 7.3/8.6 MB
Progress (1): 7.3/8.6 MB
Progress (1): 7.3/8.6 MB
Progress (1): 7.3/8.6 MB
Progress (1): 7.3/8.6 MB
Progress (1): 7.3/8.6 MB
Progress (1): 7.4/8.6 MB
Progress (1): 7.4/8.6 MB
Progress (1): 7.4/8.6 MB
Progress (1): 7.4/8.6 MB
Progress (1): 7.4/8.6 MB
Progress (1): 7.4/8.6 MB
Progress (1): 7.5/8.6 MB
Progress (1): 7.5/8.6 MB
Progress (1): 7.5/8.6 MB
Progress (1): 7.5/8.6 MB
Progress (1): 7.5/8.6 MB
Progress (1): 7.5/8.6 MB
Progress (1): 7.6/8.6 MB
Progress (1): 7.6/8.6 MB
Progress (1): 7.6/8.6 MB
Progress (1): 7.6/8.6 MB
Progress (1): 7.6/8.6 MB
Progress (1): 7.6/8.6 MB
Progress (1): 7.7/8.6 MB
Progress (1): 7.7/8.6 MB
Progress (1): 7.7/8.6 MB
Progress (1): 7.7/8.6 MB
Progress (1): 7.7/8.6 MB
Progress (1): 7.7/8.6 MB
Progress (1): 7.8/8.6 MB
Progress (1): 7.8/8.6 MB
Progress (1): 7.8/8.6 MB
Progress (1): 7.8/8.6 MB
Progress (1): 7.8/8.6 MB
Progress (1): 7.8/8.6 MB
Progress (1): 7.9/8.6 MB
Progress (1): 7.9/8.6 MB
Progress (1): 7.9/8.6 MB
Progress (1): 7.9/8.6 MB
Progress (1): 7.9/8.6 MB
Progress (1): 7.9/8.6 MB
Progress (1): 8.0/8.6 MB
Progress (1): 8.0/8.6 MB
Progress (1): 8.0/8.6 MB
Progress (1): 8.0/8.6 MB
Progress (1): 8.0/8.6 MB
Progress (1): 8.0/8.6 MB
Progress (1): 8.1/8.6 MB
Progress (1): 8.1/8.6 MB
Progress (1): 8.1/8.6 MB
Progress (1): 8.1/8.6 MB
Progress (1): 8.1/8.6 MB
Progress (1): 8.1/8.6 MB
Progress (1): 8.2/8.6 MB
Progress (1): 8.2/8.6 MB
Progress (1): 8.2/8.6 MB
Progress (1): 8.2/8.6 MB
Progress (1): 8.2/8.6 MB
Progress (1): 8.2/8.6 MB
Progress (1): 8.2/8.6 MB
Progress (1): 8.3/8.6 MB
Progress (1): 8.3/8.6 MB
Progress (1): 8.3/8.6 MB
Progress (1): 8.3/8.6 MB
Progress (1): 8.3/8.6 MB
Progress (1): 8.3/8.6 MB
Progress (1): 8.4/8.6 MB
Progress (1): 8.4/8.6 MB
Progress (1): 8.4/8.6 MB
Progress (1): 8.4/8.6 MB
Progress (1): 8.4/8.6 MB
Progress (1): 8.4/8.6 MB
Progress (1): 8.5/8.6 MB
Progress (1): 8.5/8.6 MB
Progress (1): 8.5/8.6 MB
Progress (1): 8.5/8.6 MB
Progress (1): 8.5/8.6 MB
Progress (1): 8.5/8.6 MB
Progress (1): 8.6/8.6 MB
Progress (1): 8.6/8.6 MB
Progress (1): 8.6 MB    
                    
Downloaded from central: https://repo.maven.apache.org/maven2/org/mvnpm/echarts/5.4.3/echarts-5.4.3.jar (8.6 MB at 482 kB/s)
Downloading from central: https://repo.maven.apache.org/maven2/org/mvnpm/at/vanillawc/wc-codemirror/2.1.0/wc-codemirror-2.1.0.jar
Progress (1): 7.7/586 kB
Progress (1): 8.2/586 kB
Progress (1): 25/586 kB 
Progress (1): 41/586 kB
Progress (1): 57/586 kB
Progress (1): 74/586 kB
Progress (1): 90/586 kB
Progress (1): 106/586 kB
Progress (1): 123/586 kB
Progress (1): 139/586 kB
Progress (1): 156/586 kB
Progress (1): 172/586 kB
Progress (1): 188/586 kB
Progress (1): 205/586 kB
Progress (1): 221/586 kB
Progress (1): 238/586 kB
Progress (1): 254/586 kB
Progress (1): 270/586 kB
Progress (1): 287/586 kB
Progress (1): 303/586 kB
Progress (1): 319/586 kB
Progress (1): 336/586 kB
Progress (1): 352/586 kB
Progress (1): 369/586 kB
Progress (1): 385/586 kB
Progress (1): 401/586 kB
Progress (1): 418/586 kB
Progress (1): 434/586 kB
Progress (1): 451/586 kB
Progress (1): 467/586 kB
Progress (1): 483/586 kB
Progress (1): 500/586 kB
Progress (1): 516/586 kB
Progress (1): 532/586 kB
Progress (1): 549/586 kB
Progress (1): 565/586 kB
Progress (1): 582/586 kB
Progress (1): 586 kB    
                    
Downloaded from central: https://repo.maven.apache.org/maven2/org/mvnpm/at/vanillawc/wc-codemirror/2.1.0/wc-codemirror-2.1.0.jar (586 kB at 719 kB/s)
Downloading from central: https://repo.maven.apache.org/maven2/org/mvnpm/es-module-shims/1.8.2/es-module-shims-1.8.2.jar
Progress (1): 7.7/54 kB
Progress (1): 8.2/54 kB
Progress (1): 25/54 kB 
Progress (1): 41/54 kB
Progress (1): 54 kB   
                   
Downloaded from central: https://repo.maven.apache.org/maven2/org/mvnpm/es-module-shims/1.8.2/es-module-shims-1.8.2.jar (54 kB at 340 kB/s)
Downloading from central: https://repo.maven.apache.org/maven2/io/quarkus/quarkus-vertx-http-dev-ui-resources/3.8.1/quarkus-vertx-http-dev-ui-resources-3.8.1.jar
Progress (1): 8.2/704 kB
Progress (1): 25/704 kB 
Progress (1): 41/704 kB
Progress (1): 57/704 kB
Progress (1): 74/704 kB
Progress (1): 82/704 kB
Progress (1): 98/704 kB
Progress (1): 115/704 kB
Progress (1): 131/704 kB
Progress (1): 147/704 kB
Progress (1): 164/704 kB
Progress (1): 180/704 kB
Progress (1): 197/704 kB
Progress (1): 213/704 kB
Progress (1): 229/704 kB
Progress (1): 246/704 kB
Progress (1): 262/704 kB
Progress (1): 279/704 kB
Progress (1): 295/704 kB
Progress (1): 311/704 kB
Progress (1): 328/704 kB
Progress (1): 344/704 kB
Progress (1): 360/704 kB
Progress (1): 377/704 kB
Progress (1): 393/704 kB
Progress (1): 410/704 kB
Progress (1): 426/704 kB
Progress (1): 442/704 kB
Progress (1): 459/704 kB
Progress (1): 475/704 kB
Progress (1): 492/704 kB
Progress (1): 508/704 kB
Progress (1): 524/704 kB
Progress (1): 541/704 kB
Progress (1): 557/704 kB
Progress (1): 573/704 kB
Progress (1): 590/704 kB
Progress (1): 606/704 kB
Progress (1): 623/704 kB
Progress (1): 639/704 kB
Progress (1): 655/704 kB
Progress (1): 672/704 kB
Progress (1): 688/704 kB
Progress (1): 704 kB    
                    
Downloaded from central: https://repo.maven.apache.org/maven2/io/quarkus/quarkus-vertx-http-dev-ui-resources/3.8.1/quarkus-vertx-http-dev-ui-resources-3.8.1.jar (704 kB at 748 kB/s)
Downloading from central: https://repo.maven.apache.org/maven2/io/quarkus/quarkus-resteasy-reactive-spi-deployment/3.8.1/quarkus-resteasy-reactive-spi-deployment-3.8.1.jar
Progress (1): 7.7/28 kB
Progress (1): 16/28 kB 
Progress (1): 25/28 kB
Progress (1): 28 kB   
                   
Downloaded from central: https://repo.maven.apache.org/maven2/io/quarkus/quarkus-resteasy-reactive-spi-deployment/3.8.1/quarkus-resteasy-reactive-spi-deployment-3.8.1.jar (28 kB at 135 kB/s)
Downloading from central: https://repo.maven.apache.org/maven2/io/quarkus/quarkus-resteasy-reactive-server-spi-deployment/3.8.1/quarkus-resteasy-reactive-server-spi-deployment-3.8.1.jar
Progress (1): 3.2/8.5 kB
Progress (1): 8.5 kB    
                    
Downloaded from central: https://repo.maven.apache.org/maven2/io/quarkus/quarkus-resteasy-reactive-server-spi-deployment/3.8.1/quarkus-resteasy-reactive-server-spi-deployment-3.8.1.jar (8.5 kB at 39 kB/s)
Downloading from central: https://repo.maven.apache.org/maven2/io/quarkus/quarkus-jaxrs-spi-deployment/3.8.1/quarkus-jaxrs-spi-deployment-3.8.1.jar
Progress (1): 3.2/3.3 kB
Progress (1): 3.3 kB    
                    
Downloaded from central: https://repo.maven.apache.org/maven2/io/quarkus/quarkus-jaxrs-spi-deployment/3.8.1/quarkus-jaxrs-spi-deployment-3.8.1.jar (3.3 kB at 21 kB/s)
Downloading from central: https://repo.maven.apache.org/maven2/io/quarkus/quarkus-security-spi/3.8.1/quarkus-security-spi-3.8.1.jar
Progress (1): 7.1 kB
                    
Downloaded from central: https://repo.maven.apache.org/maven2/io/quarkus/quarkus-security-spi/3.8.1/quarkus-security-spi-3.8.1.jar (7.1 kB at 46 kB/s)
Downloading from central: https://repo.maven.apache.org/maven2/io/quarkus/quarkus-agroal-spi/3.8.1/quarkus-agroal-spi-3.8.1.jar
Progress (1): 5.7 kB
                    
Downloaded from central: https://repo.maven.apache.org/maven2/io/quarkus/quarkus-agroal-spi/3.8.1/quarkus-agroal-spi-3.8.1.jar (5.7 kB at 39 kB/s)
Downloading from central: https://repo.maven.apache.org/maven2/io/quarkus/quarkus-datasource-deployment-spi/3.8.1/quarkus-datasource-deployment-spi-3.8.1.jar
Progress (1): 7.7/19 kB
Progress (1): 16/19 kB 
Progress (1): 19 kB   
                   
Downloaded from central: https://repo.maven.apache.org/maven2/io/quarkus/quarkus-datasource-deployment-spi/3.8.1/quarkus-datasource-deployment-spi-3.8.1.jar (19 kB at 122 kB/s)
Downloading from central: https://repo.maven.apache.org/maven2/org/testcontainers/database-commons/1.19.4/database-commons-1.19.4.jar
Progress (1): 7.7/15 kB
Progress (1): 7.7/15 kB
Progress (1): 15 kB    
                   
Downloaded from central: https://repo.maven.apache.org/maven2/org/testcontainers/database-commons/1.19.4/database-commons-1.19.4.jar (15 kB at 124 kB/s)
Downloading from central: https://repo.maven.apache.org/maven2/org/testcontainers/jdbc/1.19.4/jdbc-1.19.4.jar
Progress (1): 7.7/29 kB
Progress (1): 16/29 kB 
Progress (1): 25/29 kB
Progress (1): 29 kB   
                   
Downloaded from central: https://repo.maven.apache.org/maven2/org/testcontainers/jdbc/1.19.4/jdbc-1.19.4.jar (29 kB at 200 kB/s)
Downloading from central: https://repo.maven.apache.org/maven2/org/testcontainers/mysql/1.19.4/mysql-1.19.4.jar
Progress (1): 7.7/9.1 kB
Progress (1): 8.2/9.1 kB
Progress (1): 9.1 kB    
                    
Downloaded from central: https://repo.maven.apache.org/maven2/org/testcontainers/mysql/1.19.4/mysql-1.19.4.jar (9.1 kB at 78 kB/s)
Downloading from central: https://repo.maven.apache.org/maven2/com/github/docker-java/docker-java-api/3.3.4/docker-java-api-3.3.4.jar
Progress (1): 7.7/471 kB
Progress (1): 11/471 kB 
Progress (1): 28/471 kB
Progress (1): 44/471 kB
Progress (1): 61/471 kB
Progress (1): 77/471 kB
Progress (1): 93/471 kB
Progress (1): 110/471 kB
Progress (1): 115/471 kB
Progress (1): 131/471 kB
Progress (1): 147/471 kB
Progress (1): 164/471 kB
Progress (1): 180/471 kB
Progress (1): 197/471 kB
Progress (1): 213/471 kB
Progress (1): 229/471 kB
Progress (1): 246/471 kB
Progress (1): 262/471 kB
Progress (1): 279/471 kB
Progress (1): 295/471 kB
Progress (1): 311/471 kB
Progress (1): 328/471 kB
Progress (1): 344/471 kB
Progress (1): 360/471 kB
Progress (1): 377/471 kB
Progress (1): 393/471 kB
Progress (1): 410/471 kB
Progress (1): 426/471 kB
Progress (1): 442/471 kB
Progress (1): 459/471 kB
Progress (1): 471 kB    
                    
Downloaded from central: https://repo.maven.apache.org/maven2/com/github/docker-java/docker-java-api/3.3.4/docker-java-api-3.3.4.jar (471 kB at 584 kB/s)
Downloading from central: https://repo.maven.apache.org/maven2/io/quarkus/quarkus-junit4-mock/3.8.1/quarkus-junit4-mock-3.8.1.jar
Progress (1): 4.1 kB
                    
Downloaded from central: https://repo.maven.apache.org/maven2/io/quarkus/quarkus-junit4-mock/3.8.1/quarkus-junit4-mock-3.8.1.jar (4.1 kB at 41 kB/s)
Downloading from central: https://repo.maven.apache.org/maven2/io/quarkus/quarkus-devservices-common/3.8.1/quarkus-devservices-common-3.8.1.jar
Progress (1): 7.7/12 kB
Progress (1): 11/12 kB 
Progress (1): 12 kB   
                   
Downloaded from central: https://repo.maven.apache.org/maven2/io/quarkus/quarkus-devservices-common/3.8.1/quarkus-devservices-common-3.8.1.jar (12 kB at 110 kB/s)
Downloading from central: https://repo.maven.apache.org/maven2/io/quarkus/quarkus-devservices-mysql/3.8.1/quarkus-devservices-mysql-3.8.1.jar
Progress (1): 7.7/9.1 kB
Progress (1): 9.1 kB    
                    
Downloaded from central: https://repo.maven.apache.org/maven2/io/quarkus/quarkus-devservices-mysql/3.8.1/quarkus-devservices-mysql-3.8.1.jar (9.1 kB at 47 kB/s)
Downloading from central: https://repo.maven.apache.org/maven2/io/quarkus/quarkus-smallrye-health-spi/3.8.1/quarkus-smallrye-health-spi-3.8.1.jar
Progress (1): 3.2/3.5 kB
Progress (1): 3.5 kB    
                    
Downloaded from central: https://repo.maven.apache.org/maven2/io/quarkus/quarkus-smallrye-health-spi/3.8.1/quarkus-smallrye-health-spi-3.8.1.jar (3.5 kB at 17 kB/s)
Downloading from central: https://repo.maven.apache.org/maven2/com/github/docker-java/docker-java-transport/3.3.4/docker-java-transport-3.3.4.jar
Progress (1): 3.2/38 kB
Progress (1): 11/38 kB 
Progress (1): 28/38 kB
Progress (1): 38 kB   
                   
Downloaded from central: https://repo.maven.apache.org/maven2/com/github/docker-java/docker-java-transport/3.3.4/docker-java-transport-3.3.4.jar (38 kB at 232 kB/s)
Downloading from central: https://repo.maven.apache.org/maven2/com/github/docker-java/docker-java-transport-zerodep/3.3.4/docker-java-transport-zerodep-3.3.4.jar
Progress (1): 0/2.0 MB
Progress (1): 0/2.0 MB
Progress (1): 0/2.0 MB
Progress (1): 0/2.0 MB
Progress (1): 0.1/2.0 MB
Progress (1): 0.1/2.0 MB
Progress (1): 0.1/2.0 MB
Progress (1): 0.1/2.0 MB
Progress (1): 0.1/2.0 MB
Progress (1): 0.1/2.0 MB
Progress (1): 0.1/2.0 MB
Progress (1): 0.2/2.0 MB
Progress (1): 0.2/2.0 MB
Progress (1): 0.2/2.0 MB
Progress (1): 0.2/2.0 MB
Progress (1): 0.2/2.0 MB
Progress (1): 0.2/2.0 MB
Progress (1): 0.3/2.0 MB
Progress (1): 0.3/2.0 MB
Progress (1): 0.3/2.0 MB
Progress (1): 0.3/2.0 MB
Progress (1): 0.3/2.0 MB
Progress (1): 0.3/2.0 MB
Progress (1): 0.4/2.0 MB
Progress (1): 0.4/2.0 MB
Progress (1): 0.4/2.0 MB
Progress (1): 0.4/2.0 MB
Progress (1): 0.4/2.0 MB
Progress (1): 0.4/2.0 MB
Progress (1): 0.5/2.0 MB
Progress (1): 0.5/2.0 MB
Progress (1): 0.5/2.0 MB
Progress (1): 0.5/2.0 MB
Progress (1): 0.5/2.0 MB
Progress (1): 0.5/2.0 MB
Progress (1): 0.6/2.0 MB
Progress (1): 0.6/2.0 MB
Progress (1): 0.6/2.0 MB
Progress (1): 0.6/2.0 MB
Progress (1): 0.6/2.0 MB
Progress (1): 0.6/2.0 MB
Progress (1): 0.7/2.0 MB
Progress (1): 0.7/2.0 MB
Progress (1): 0.7/2.0 MB
Progress (1): 0.7/2.0 MB
Progress (1): 0.7/2.0 MB
Progress (1): 0.7/2.0 MB
Progress (1): 0.8/2.0 MB
Progress (1): 0.8/2.0 MB
Progress (1): 0.8/2.0 MB
Progress (1): 0.8/2.0 MB
Progress (1): 0.8/2.0 MB
Progress (1): 0.8/2.0 MB
Progress (1): 0.9/2.0 MB
Progress (1): 0.9/2.0 MB
Progress (1): 0.9/2.0 MB
Progress (1): 0.9/2.0 MB
Progress (1): 0.9/2.0 MB
Progress (1): 0.9/2.0 MB
Progress (1): 1.0/2.0 MB
Progress (1): 1.0/2.0 MB
Progress (1): 1.0/2.0 MB
Progress (1): 1.0/2.0 MB
Progress (1): 1.0/2.0 MB
Progress (1): 1.0/2.0 MB
Progress (1): 1.0/2.0 MB
Progress (1): 1.1/2.0 MB
Progress (1): 1.1/2.0 MB
Progress (1): 1.1/2.0 MB
Progress (1): 1.1/2.0 MB
Progress (1): 1.1/2.0 MB
Progress (1): 1.1/2.0 MB
Progress (1): 1.2/2.0 MB
Progress (1): 1.2/2.0 MB
Progress (1): 1.2/2.0 MB
Progress (1): 1.2/2.0 MB
Progress (1): 1.2/2.0 MB
Progress (1): 1.2/2.0 MB
Progress (1): 1.3/2.0 MB
Progress (1): 1.3/2.0 MB
Progress (1): 1.3/2.0 MB
Progress (1): 1.3/2.0 MB
Progress (1): 1.3/2.0 MB
Progress (1): 1.3/2.0 MB
Progress (1): 1.4/2.0 MB
Progress (1): 1.4/2.0 MB
Progress (1): 1.4/2.0 MB
Progress (1): 1.4/2.0 MB
Progress (1): 1.4/2.0 MB
Progress (1): 1.4/2.0 MB
Progress (1): 1.5/2.0 MB
Progress (1): 1.5/2.0 MB
Progress (1): 1.5/2.0 MB
Progress (1): 1.5/2.0 MB
Progress (1): 1.5/2.0 MB
Progress (1): 1.5/2.0 MB
Progress (1): 1.6/2.0 MB
Progress (1): 1.6/2.0 MB
Progress (1): 1.6/2.0 MB
Progress (1): 1.6/2.0 MB
Progress (1): 1.6/2.0 MB
Progress (1): 1.6/2.0 MB
Progress (1): 1.7/2.0 MB
Progress (1): 1.7/2.0 MB
Progress (1): 1.7/2.0 MB
Progress (1): 1.7/2.0 MB
Progress (1): 1.7/2.0 MB
Progress (1): 1.7/2.0 MB
Progress (1): 1.8/2.0 MB
Progress (1): 1.8/2.0 MB
Progress (1): 1.8/2.0 MB
Progress (1): 1.8/2.0 MB
Progress (1): 1.8/2.0 MB
Progress (1): 1.8/2.0 MB
Progress (1): 1.9/2.0 MB
Progress (1): 1.9/2.0 MB
Progress (1): 1.9/2.0 MB
Progress (1): 1.9/2.0 MB
Progress (1): 1.9/2.0 MB
Progress (1): 1.9/2.0 MB
Progress (1): 1.9/2.0 MB
Progress (1): 2.0/2.0 MB
Progress (1): 2.0/2.0 MB
Progress (1): 2.0/2.0 MB
Progress (1): 2.0/2.0 MB
Progress (1): 2.0/2.0 MB
Progress (1): 2.0 MB    
                    
Downloaded from central: https://repo.maven.apache.org/maven2/com/github/docker-java/docker-java-transport-zerodep/3.3.4/docker-java-transport-zerodep-3.3.4.jar (2.0 MB at 865 kB/s)
Downloading from central: https://repo.maven.apache.org/maven2/org/testcontainers/testcontainers/1.19.4/testcontainers-1.19.4.jar
Progress (1): 0/18 MB
Progress (1): 0/18 MB
Progress (1): 0/18 MB
Progress (1): 0/18 MB
Progress (1): 0.1/18 MB
Progress (1): 0.1/18 MB
Progress (1): 0.1/18 MB
Progress (1): 0.1/18 MB
Progress (1): 0.1/18 MB
Progress (1): 0.1/18 MB
Progress (1): 0.1/18 MB
Progress (1): 0.2/18 MB
Progress (1): 0.2/18 MB
Progress (1): 0.2/18 MB
Progress (1): 0.2/18 MB
Progress (1): 0.2/18 MB
Progress (1): 0.2/18 MB
Progress (1): 0.3/18 MB
Progress (1): 0.3/18 MB
Progress (1): 0.3/18 MB
Progress (1): 0.3/18 MB
Progress (1): 0.3/18 MB
Progress (1): 0.3/18 MB
Progress (1): 0.4/18 MB
Progress (1): 0.4/18 MB
Progress (1): 0.4/18 MB
Progress (1): 0.4/18 MB
Progress (1): 0.4/18 MB
Progress (1): 0.4/18 MB
Progress (1): 0.5/18 MB
Progress (1): 0.5/18 MB
Progress (1): 0.5/18 MB
Progress (1): 0.5/18 MB
Progress (1): 0.5/18 MB
Progress (1): 0.5/18 MB
Progress (1): 0.6/18 MB
Progress (1): 0.6/18 MB
Progress (1): 0.6/18 MB
Progress (1): 0.6/18 MB
Progress (1): 0.6/18 MB
Progress (1): 0.6/18 MB
Progress (1): 0.7/18 MB
Progress (1): 0.7/18 MB
Progress (1): 0.7/18 MB
Progress (1): 0.7/18 MB
Progress (1): 0.7/18 MB
Progress (1): 0.7/18 MB
Progress (1): 0.8/18 MB
Progress (1): 0.8/18 MB
Progress (1): 0.8/18 MB
Progress (1): 0.8/18 MB
Progress (1): 0.8/18 MB
Progress (1): 0.8/18 MB
Progress (1): 0.9/18 MB
Progress (1): 0.9/18 MB
Progress (1): 0.9/18 MB
Progress (1): 0.9/18 MB
Progress (1): 0.9/18 MB
Progress (1): 0.9/18 MB
Progress (1): 1.0/18 MB
Progress (1): 1.0/18 MB
Progress (1): 1.0/18 MB
Progress (1): 1.0/18 MB
Progress (1): 1.0/18 MB
Progress (1): 1.0/18 MB
Progress (1): 1.0/18 MB
Progress (1): 1.1/18 MB
Progress (1): 1.1/18 MB
Progress (1): 1.1/18 MB
Progress (1): 1.1/18 MB
Progress (1): 1.1/18 MB
Progress (1): 1.1/18 MB
Progress (1): 1.2/18 MB
Progress (1): 1.2/18 MB
Progress (1): 1.2/18 MB
Progress (1): 1.2/18 MB
Progress (1): 1.2/18 MB
Progress (1): 1.2/18 MB
Progress (1): 1.3/18 MB
Progress (1): 1.3/18 MB
Progress (1): 1.3/18 MB
Progress (1): 1.3/18 MB
Progress (1): 1.3/18 MB
Progress (1): 1.3/18 MB
Progress (1): 1.4/18 MB
Progress (1): 1.4/18 MB
Progress (1): 1.4/18 MB
Progress (1): 1.4/18 MB
Progress (1): 1.4/18 MB
Progress (1): 1.4/18 MB
Progress (1): 1.5/18 MB
Progress (1): 1.5/18 MB
Progress (1): 1.5/18 MB
Progress (1): 1.5/18 MB
Progress (1): 1.5/18 MB
Progress (1): 1.5/18 MB
Progress (1): 1.6/18 MB
Progress (1): 1.6/18 MB
Progress (1): 1.6/18 MB
Progress (1): 1.6/18 MB
Progress (1): 1.6/18 MB
Progress (1): 1.6/18 MB
Progress (1): 1.7/18 MB
Progress (1): 1.7/18 MB
Progress (1): 1.7/18 MB
Progress (1): 1.7/18 MB
Progress (1): 1.7/18 MB
Progress (1): 1.7/18 MB
Progress (1): 1.8/18 MB
Progress (1): 1.8/18 MB
Progress (1): 1.8/18 MB
Progress (1): 1.8/18 MB
Progress (1): 1.8/18 MB
Progress (1): 1.8/18 MB
Progress (1): 1.9/18 MB
Progress (1): 1.9/18 MB
Progress (1): 1.9/18 MB
Progress (1): 1.9/18 MB
Progress (1): 1.9/18 MB
Progress (1): 1.9/18 MB
Progress (1): 1.9/18 MB
Progress (1): 2.0/18 MB
Progress (1): 2.0/18 MB
Progress (1): 2.0/18 MB
Progress (1): 2.0/18 MB
Progress (1): 2.0/18 MB
Progress (1): 2.0/18 MB
Progress (1): 2.1/18 MB
Progress (1): 2.1/18 MB
Progress (1): 2.1/18 MB
Progress (1): 2.1/18 MB
Progress (1): 2.1/18 MB
Progress (1): 2.1/18 MB
Progress (1): 2.2/18 MB
Progress (1): 2.2/18 MB
Progress (1): 2.2/18 MB
Progress (1): 2.2/18 MB
Progress (1): 2.2/18 MB
Progress (1): 2.2/18 MB
Progress (1): 2.3/18 MB
Progress (1): 2.3/18 MB
Progress (1): 2.3/18 MB
Progress (1): 2.3/18 MB
Progress (1): 2.3/18 MB
Progress (1): 2.3/18 MB
Progress (1): 2.4/18 MB
Progress (1): 2.4/18 MB
Progress (1): 2.4/18 MB
Progress (1): 2.4/18 MB
Progress (1): 2.4/18 MB
Progress (1): 2.4/18 MB
Progress (1): 2.4/18 MB
Progress (1): 2.5/18 MB
Progress (1): 2.5/18 MB
Progress (1): 2.5/18 MB
Progress (1): 2.5/18 MB
Progress (1): 2.5/18 MB
Progress (1): 2.5/18 MB
Progress (1): 2.6/18 MB
Progress (1): 2.6/18 MB
Progress (1): 2.6/18 MB
Progress (1): 2.6/18 MB
Progress (1): 2.6/18 MB
Progress (1): 2.6/18 MB
Progress (1): 2.6/18 MB
Progress (1): 2.7/18 MB
Progress (1): 2.7/18 MB
Progress (1): 2.7/18 MB
Progress (1): 2.7/18 MB
Progress (1): 2.7/18 MB
Progress (1): 2.7/18 MB
Progress (1): 2.7/18 MB
Progress (1): 2.8/18 MB
Progress (1): 2.8/18 MB
Progress (1): 2.8/18 MB
Progress (1): 2.8/18 MB
Progress (1): 2.8/18 MB
Progress (1): 2.8/18 MB
Progress (1): 2.8/18 MB
Progress (1): 2.9/18 MB
Progress (1): 2.9/18 MB
Progress (1): 2.9/18 MB
Progress (1): 2.9/18 MB
Progress (1): 2.9/18 MB
Progress (1): 2.9/18 MB
Progress (1): 2.9/18 MB
Progress (1): 3.0/18 MB
Progress (1): 3.0/18 MB
Progress (1): 3.0/18 MB
Progress (1): 3.0/18 MB
Progress (1): 3.0/18 MB
Progress (1): 3.0/18 MB
Progress (1): 3.1/18 MB
Progress (1): 3.1/18 MB
Progress (1): 3.1/18 MB
Progress (1): 3.1/18 MB
Progress (1): 3.1/18 MB
Progress (1): 3.1/18 MB
Progress (1): 3.2/18 MB
Progress (1): 3.2/18 MB
Progress (1): 3.2/18 MB
Progress (1): 3.2/18 MB
Progress (1): 3.2/18 MB
Progress (1): 3.2/18 MB
Progress (1): 3.3/18 MB
Progress (1): 3.3/18 MB
Progress (1): 3.3/18 MB
Progress (1): 3.3/18 MB
Progress (1): 3.3/18 MB
Progress (1): 3.3/18 MB
Progress (1): 3.4/18 MB
Progress (1): 3.4/18 MB
Progress (1): 3.4/18 MB
Progress (1): 3.4/18 MB
Progress (1): 3.4/18 MB
Progress (1): 3.4/18 MB
Progress (1): 3.5/18 MB
Progress (1): 3.5/18 MB
Progress (1): 3.5/18 MB
Progress (1): 3.5/18 MB
Progress (1): 3.5/18 MB
Progress (1): 3.5/18 MB
Progress (1): 3.6/18 MB
Progress (1): 3.6/18 MB
Progress (1): 3.6/18 MB
Progress (1): 3.6/18 MB
Progress (1): 3.6/18 MB
Progress (1): 3.6/18 MB
Progress (1): 3.6/18 MB
Progress (1): 3.7/18 MB
Progress (1): 3.7/18 MB
Progress (1): 3.7/18 MB
Progress (1): 3.7/18 MB
Progress (1): 3.7/18 MB
Progress (1): 3.7/18 MB
Progress (1): 3.8/18 MB
Progress (1): 3.8/18 MB
Progress (1): 3.8/18 MB
Progress (1): 3.8/18 MB
Progress (1): 3.8/18 MB
Progress (1): 3.8/18 MB
Progress (1): 3.9/18 MB
Progress (1): 3.9/18 MB
Progress (1): 3.9/18 MB
Progress (1): 3.9/18 MB
Progress (1): 3.9/18 MB
Progress (1): 3.9/18 MB
Progress (1): 4.0/18 MB
Progress (1): 4.0/18 MB
Progress (1): 4.0/18 MB
Progress (1): 4.0/18 MB
Progress (1): 4.0/18 MB
Progress (1): 4.0/18 MB
Progress (1): 4.1/18 MB
Progress (1): 4.1/18 MB
Progress (1): 4.1/18 MB
Progress (1): 4.1/18 MB
Progress (1): 4.1/18 MB
Progress (1): 4.1/18 MB
Progress (1): 4.2/18 MB
Progress (1): 4.2/18 MB
Progress (1): 4.2/18 MB
Progress (1): 4.2/18 MB
Progress (1): 4.2/18 MB
Progress (1): 4.2/18 MB
Progress (1): 4.3/18 MB
Progress (1): 4.3/18 MB
Progress (1): 4.3/18 MB
Progress (1): 4.3/18 MB
Progress (1): 4.3/18 MB
Progress (1): 4.3/18 MB
Progress (1): 4.4/18 MB
Progress (1): 4.4/18 MB
Progress (1): 4.4/18 MB
Progress (1): 4.4/18 MB
Progress (1): 4.4/18 MB
Progress (1): 4.4/18 MB
Progress (1): 4.5/18 MB
Progress (1): 4.5/18 MB
Progress (1): 4.5/18 MB
Progress (1): 4.5/18 MB
Progress (1): 4.5/18 MB
Progress (1): 4.5/18 MB
Progress (1): 4.6/18 MB
Progress (1): 4.6/18 MB
Progress (1): 4.6/18 MB
Progress (1): 4.6/18 MB
Progress (1): 4.6/18 MB
Progress (1): 4.6/18 MB
Progress (1): 4.6/18 MB
Progress (1): 4.7/18 MB
Progress (1): 4.7/18 MB
Progress (1): 4.7/18 MB
Progress (1): 4.7/18 MB
Progress (1): 4.7/18 MB
Progress (1): 4.7/18 MB
Progress (1): 4.8/18 MB
Progress (1): 4.8/18 MB
Progress (1): 4.8/18 MB
Progress (1): 4.8/18 MB
Progress (1): 4.8/18 MB
Progress (1): 4.8/18 MB
Progress (1): 4.9/18 MB
Progress (1): 4.9/18 MB
Progress (1): 4.9/18 MB
Progress (1): 4.9/18 MB
Progress (1): 4.9/18 MB
Progress (1): 4.9/18 MB
Progress (1): 5.0/18 MB
Progress (1): 5.0/18 MB
Progress (1): 5.0/18 MB
Progress (1): 5.0/18 MB
Progress (1): 5.0/18 MB
Progress (1): 5.0/18 MB
Progress (1): 5.1/18 MB
Progress (1): 5.1/18 MB
Progress (1): 5.1/18 MB
Progress (1): 5.1/18 MB
Progress (1): 5.1/18 MB
Progress (1): 5.1/18 MB
Progress (1): 5.2/18 MB
Progress (1): 5.2/18 MB
Progress (1): 5.2/18 MB
Progress (1): 5.2/18 MB
Progress (1): 5.2/18 MB
Progress (1): 5.2/18 MB
Progress (1): 5.3/18 MB
Progress (1): 5.3/18 MB
Progress (1): 5.3/18 MB
Progress (1): 5.3/18 MB
Progress (1): 5.3/18 MB
Progress (1): 5.3/18 MB
Progress (1): 5.4/18 MB
Progress (1): 5.4/18 MB
Progress (1): 5.4/18 MB
Progress (1): 5.4/18 MB
Progress (1): 5.4/18 MB
Progress (1): 5.4/18 MB
Progress (1): 5.5/18 MB
Progress (1): 5.5/18 MB
Progress (1): 5.5/18 MB
Progress (1): 5.5/18 MB
Progress (1): 5.5/18 MB
Progress (1): 5.5/18 MB
Progress (1): 5.6/18 MB
Progress (1): 5.6/18 MB
Progress (1): 5.6/18 MB
Progress (1): 5.6/18 MB
Progress (1): 5.6/18 MB
Progress (1): 5.6/18 MB
Progress (1): 5.6/18 MB
Progress (1): 5.7/18 MB
Progress (1): 5.7/18 MB
Progress (1): 5.7/18 MB
Progress (1): 5.7/18 MB
Progress (1): 5.7/18 MB
Progress (1): 5.7/18 MB
Progress (1): 5.8/18 MB
Progress (1): 5.8/18 MB
Progress (1): 5.8/18 MB
Progress (1): 5.8/18 MB
Progress (1): 5.8/18 MB
Progress (1): 5.8/18 MB
Progress (1): 5.9/18 MB
Progress (1): 5.9/18 MB
Progress (1): 5.9/18 MB
Progress (1): 5.9/18 MB
Progress (1): 5.9/18 MB
Progress (1): 5.9/18 MB
Progress (1): 6.0/18 MB
Progress (1): 6.0/18 MB
Progress (1): 6.0/18 MB
Progress (1): 6.0/18 MB
Progress (1): 6.0/18 MB
Progress (1): 6.0/18 MB
Progress (1): 6.1/18 MB
Progress (1): 6.1/18 MB
Progress (1): 6.1/18 MB
Progress (1): 6.1/18 MB
Progress (1): 6.1/18 MB
Progress (1): 6.1/18 MB
Progress (1): 6.2/18 MB
Progress (1): 6.2/18 MB
Progress (1): 6.2/18 MB
Progress (1): 6.2/18 MB
Progress (1): 6.2/18 MB
Progress (1): 6.2/18 MB
Progress (1): 6.3/18 MB
Progress (1): 6.3/18 MB
Progress (1): 6.3/18 MB
Progress (1): 6.3/18 MB
Progress (1): 6.3/18 MB
Progress (1): 6.3/18 MB
Progress (1): 6.4/18 MB
Progress (1): 6.4/18 MB
Progress (1): 6.4/18 MB
Progress (1): 6.4/18 MB
Progress (1): 6.4/18 MB
Progress (1): 6.4/18 MB
Progress (1): 6.5/18 MB
Progress (1): 6.5/18 MB
Progress (1): 6.5/18 MB
Progress (1): 6.5/18 MB
Progress (1): 6.5/18 MB
Progress (1): 6.5/18 MB
Progress (1): 6.5/18 MB
Progress (1): 6.6/18 MB
Progress (1): 6.6/18 MB
Progress (1): 6.6/18 MB
Progress (1): 6.6/18 MB
Progress (1): 6.6/18 MB
Progress (1): 6.6/18 MB
Progress (1): 6.7/18 MB
Progress (1): 6.7/18 MB
Progress (1): 6.7/18 MB
Progress (1): 6.7/18 MB
Progress (1): 6.7/18 MB
Progress (1): 6.7/18 MB
Progress (1): 6.8/18 MB
Progress (1): 6.8/18 MB
Progress (1): 6.8/18 MB
Progress (1): 6.8/18 MB
Progress (1): 6.8/18 MB
Progress (1): 6.8/18 MB
Progress (1): 6.9/18 MB
Progress (1): 6.9/18 MB
Progress (1): 6.9/18 MB
Progress (1): 6.9/18 MB
Progress (1): 6.9/18 MB
Progress (1): 6.9/18 MB
Progress (1): 7.0/18 MB
Progress (1): 7.0/18 MB
Progress (1): 7.0/18 MB
Progress (1): 7.0/18 MB
Progress (1): 7.0/18 MB
Progress (1): 7.0/18 MB
Progress (1): 7.1/18 MB
Progress (1): 7.1/18 MB
Progress (1): 7.1/18 MB
Progress (1): 7.1/18 MB
Progress (1): 7.1/18 MB
Progress (1): 7.1/18 MB
Progress (1): 7.1/18 MB
Progress (1): 7.2/18 MB
Progress (1): 7.2/18 MB
Progress (1): 7.2/18 MB
Progress (1): 7.2/18 MB
Progress (1): 7.2/18 MB
Progress (1): 7.2/18 MB
Progress (1): 7.3/18 MB
Progress (1): 7.3/18 MB
Progress (1): 7.3/18 MB
Progress (1): 7.3/18 MB
Progress (1): 7.3/18 MB
Progress (1): 7.3/18 MB
Progress (1): 7.4/18 MB
Progress (1): 7.4/18 MB
Progress (1): 7.4/18 MB
Progress (1): 7.4/18 MB
Progress (1): 7.4/18 MB
Progress (1): 7.4/18 MB
Progress (1): 7.5/18 MB
Progress (1): 7.5/18 MB
Progress (1): 7.5/18 MB
Progress (1): 7.5/18 MB
Progress (1): 7.5/18 MB
Progress (1): 7.5/18 MB
Progress (1): 7.6/18 MB
Progress (1): 7.6/18 MB
Progress (1): 7.6/18 MB
Progress (1): 7.6/18 MB
Progress (1): 7.6/18 MB
Progress (1): 7.6/18 MB
Progress (1): 7.7/18 MB
Progress (1): 7.7/18 MB
Progress (1): 7.7/18 MB
Progress (1): 7.7/18 MB
Progress (1): 7.7/18 MB
Progress (1): 7.7/18 MB
Progress (1): 7.8/18 MB
Progress (1): 7.8/18 MB
Progress (1): 7.8/18 MB
Progress (1): 7.8/18 MB
Progress (1): 7.8/18 MB
Progress (1): 7.8/18 MB
Progress (1): 7.9/18 MB
Progress (1): 7.9/18 MB
Progress (1): 7.9/18 MB
Progress (1): 7.9/18 MB
Progress (1): 7.9/18 MB
Progress (1): 7.9/18 MB
Progress (1): 8.0/18 MB
Progress (1): 8.0/18 MB
Progress (1): 8.0/18 MB
Progress (1): 8.0/18 MB
Progress (1): 8.0/18 MB
Progress (1): 8.0/18 MB
Progress (1): 8.0/18 MB
Progress (1): 8.0/18 MB
Progress (1): 8.1/18 MB
Progress (1): 8.1/18 MB
Progress (1): 8.1/18 MB
Progress (1): 8.1/18 MB
Progress (1): 8.1/18 MB
Progress (1): 8.1/18 MB
Progress (1): 8.1/18 MB
Progress (1): 8.2/18 MB
Progress (1): 8.2/18 MB
Progress (1): 8.2/18 MB
Progress (1): 8.2/18 MB
Progress (1): 8.2/18 MB
Progress (1): 8.2/18 MB
Progress (1): 8.3/18 MB
Progress (1): 8.3/18 MB
Progress (1): 8.3/18 MB
Progress (1): 8.3/18 MB
Progress (1): 8.3/18 MB
Progress (1): 8.3/18 MB
Progress (1): 8.3/18 MB
Progress (1): 8.4/18 MB
Progress (1): 8.4/18 MB
Progress (1): 8.4/18 MB
Progress (1): 8.4/18 MB
Progress (1): 8.4/18 MB
Progress (1): 8.4/18 MB
Progress (1): 8.4/18 MB
Progress (1): 8.5/18 MB
Progress (1): 8.5/18 MB
Progress (1): 8.5/18 MB
Progress (1): 8.5/18 MB
Progress (1): 8.5/18 MB
Progress (1): 8.5/18 MB
Progress (1): 8.5/18 MB
Progress (1): 8.6/18 MB
Progress (1): 8.6/18 MB
Progress (1): 8.6/18 MB
Progress (1): 8.6/18 MB
Progress (1): 8.6/18 MB
Progress (1): 8.6/18 MB
Progress (1): 8.7/18 MB
Progress (1): 8.7/18 MB
Progress (1): 8.7/18 MB
Progress (1): 8.7/18 MB
Progress (1): 8.7/18 MB
Progress (1): 8.7/18 MB
Progress (1): 8.7/18 MB
Progress (1): 8.8/18 MB
Progress (1): 8.8/18 MB
Progress (1): 8.8/18 MB
Progress (1): 8.8/18 MB
Progress (1): 8.8/18 MB
Progress (1): 8.8/18 MB
Progress (1): 8.8/18 MB
Progress (1): 8.9/18 MB
Progress (1): 8.9/18 MB
Progress (1): 8.9/18 MB
Progress (1): 8.9/18 MB
Progress (1): 8.9/18 MB
Progress (1): 8.9/18 MB
Progress (1): 8.9/18 MB
Progress (1): 9.0/18 MB
Progress (1): 9.0/18 MB
Progress (1): 9.0/18 MB
Progress (1): 9.0/18 MB
Progress (1): 9.0/18 MB
Progress (1): 9.0/18 MB
Progress (1): 9.1/18 MB
Progress (1): 9.1/18 MB
Progress (1): 9.1/18 MB
Progress (1): 9.1/18 MB
Progress (1): 9.1/18 MB
Progress (1): 9.1/18 MB
Progress (1): 9.2/18 MB
Progress (1): 9.2/18 MB
Progress (1): 9.2/18 MB
Progress (1): 9.2/18 MB
Progress (1): 9.2/18 MB
Progress (1): 9.2/18 MB
Progress (1): 9.3/18 MB
Progress (1): 9.3/18 MB
Progress (1): 9.3/18 MB
Progress (1): 9.3/18 MB
Progress (1): 9.3/18 MB
Progress (1): 9.3/18 MB
Progress (1): 9.4/18 MB
Progress (1): 9.4/18 MB
Progress (1): 9.4/18 MB
Progress (1): 9.4/18 MB
Progress (1): 9.4/18 MB
Progress (1): 9.4/18 MB
Progress (1): 9.5/18 MB
Progress (1): 9.5/18 MB
Progress (1): 9.5/18 MB
Progress (1): 9.5/18 MB
Progress (1): 9.5/18 MB
Progress (1): 9.5/18 MB
Progress (1): 9.6/18 MB
Progress (1): 9.6/18 MB
Progress (1): 9.6/18 MB
Progress (1): 9.6/18 MB
Progress (1): 9.6/18 MB
Progress (1): 9.6/18 MB
Progress (1): 9.7/18 MB
Progress (1): 9.7/18 MB
Progress (1): 9.7/18 MB
Progress (1): 9.7/18 MB
Progress (1): 9.7/18 MB
Progress (1): 9.7/18 MB
Progress (1): 9.8/18 MB
Progress (1): 9.8/18 MB
Progress (1): 9.8/18 MB
Progress (1): 9.8/18 MB
Progress (1): 9.8/18 MB
Progress (1): 9.8/18 MB
Progress (1): 9.9/18 MB
Progress (1): 9.9/18 MB
Progress (1): 9.9/18 MB
Progress (1): 9.9/18 MB
Progress (1): 9.9/18 MB
Progress (1): 9.9/18 MB
Progress (1): 9.9/18 MB
Progress (1): 10.0/18 MB
Progress (1): 10.0/18 MB
Progress (1): 10.0/18 MB
Progress (1): 10/18 MB  
Progress (1): 10/18 MB
Progress (1): 10/18 MB
Progress (1): 10/18 MB
Progress (1): 10/18 MB
Progress (1): 10/18 MB
Progress (1): 10/18 MB
Progress (1): 10/18 MB
Progress (1): 10/18 MB
Progress (1): 10/18 MB
Progress (1): 10/18 MB
Progress (1): 10/18 MB
Progress (1): 10/18 MB
Progress (1): 10/18 MB
Progress (1): 10/18 MB
Progress (1): 10/18 MB
Progress (1): 10/18 MB
Progress (1): 10/18 MB
Progress (1): 10/18 MB
Progress (1): 10/18 MB
Progress (1): 10/18 MB
Progress (1): 10/18 MB
Progress (1): 10/18 MB
Progress (1): 10/18 MB
Progress (1): 10/18 MB
Progress (1): 10/18 MB
Progress (1): 10/18 MB
Progress (1): 10/18 MB
Progress (1): 10/18 MB
Progress (1): 10/18 MB
Progress (1): 10/18 MB
Progress (1): 11/18 MB
Progress (1): 11/18 MB
Progress (1): 11/18 MB
Progress (1): 11/18 MB
Progress (1): 11/18 MB
Progress (1): 11/18 MB
Progress (1): 11/18 MB
Progress (1): 11/18 MB
Progress (1): 11/18 MB
Progress (1): 11/18 MB
Progress (1): 11/18 MB
Progress (1): 11/18 MB
Progress (1): 11/18 MB
Progress (1): 11/18 MB
Progress (1): 11/18 MB
Progress (1): 11/18 MB
Progress (1): 11/18 MB
Progress (1): 11/18 MB
Progress (1): 11/18 MB
Progress (1): 11/18 MB
Progress (1): 11/18 MB
Progress (1): 11/18 MB
Progress (1): 11/18 MB
Progress (1): 11/18 MB
Progress (1): 11/18 MB
Progress (1): 11/18 MB
Progress (1): 11/18 MB
Progress (1): 11/18 MB
Progress (1): 11/18 MB
Progress (1): 11/18 MB
Progress (1): 11/18 MB
Progress (1): 11/18 MB
Progress (1): 11/18 MB
Progress (1): 11/18 MB
Progress (1): 11/18 MB
Progress (1): 11/18 MB
Progress (1): 11/18 MB
Progress (1): 11/18 MB
Progress (1): 11/18 MB
Progress (1): 11/18 MB
Progress (1): 11/18 MB
Progress (1): 11/18 MB
Progress (1): 11/18 MB
Progress (1): 11/18 MB
Progress (1): 11/18 MB
Progress (1): 11/18 MB
Progress (1): 11/18 MB
Progress (1): 11/18 MB
Progress (1): 11/18 MB
Progress (1): 11/18 MB
Progress (1): 11/18 MB
Progress (1): 11/18 MB
Progress (1): 11/18 MB
Progress (1): 11/18 MB
Progress (1): 11/18 MB
Progress (1): 11/18 MB
Progress (1): 11/18 MB
Progress (1): 11/18 MB
Progress (1): 11/18 MB
Progress (1): 11/18 MB
Progress (1): 11/18 MB
Progress (1): 12/18 MB
Progress (1): 12/18 MB
Progress (1): 12/18 MB
Progress (1): 12/18 MB
Progress (1): 12/18 MB
Progress (1): 12/18 MB
Progress (1): 12/18 MB
Progress (1): 12/18 MB
Progress (1): 12/18 MB
Progress (1): 12/18 MB
Progress (1): 12/18 MB
Progress (1): 12/18 MB
Progress (1): 12/18 MB
Progress (1): 12/18 MB
Progress (1): 12/18 MB
Progress (1): 12/18 MB
Progress (1): 12/18 MB
Progress (1): 12/18 MB
Progress (1): 12/18 MB
Progress (1): 12/18 MB
Progress (1): 12/18 MB
Progress (1): 12/18 MB
Progress (1): 12/18 MB
Progress (1): 12/18 MB
Progress (1): 12/18 MB
Progress (1): 12/18 MB
Progress (1): 12/18 MB
Progress (1): 12/18 MB
Progress (1): 12/18 MB
Progress (1): 12/18 MB
Progress (1): 12/18 MB
Progress (1): 12/18 MB
Progress (1): 12/18 MB
Progress (1): 12/18 MB
Progress (1): 12/18 MB
Progress (1): 12/18 MB
Progress (1): 12/18 MB
Progress (1): 12/18 MB
Progress (1): 12/18 MB
Progress (1): 12/18 MB
Progress (1): 12/18 MB
Progress (1): 12/18 MB
Progress (1): 12/18 MB
Progress (1): 12/18 MB
Progress (1): 12/18 MB
Progress (1): 12/18 MB
Progress (1): 12/18 MB
Progress (1): 12/18 MB
Progress (1): 12/18 MB
Progress (1): 12/18 MB
Progress (1): 12/18 MB
Progress (1): 12/18 MB
Progress (1): 12/18 MB
Progress (1): 12/18 MB
Progress (1): 12/18 MB
Progress (1): 12/18 MB
Progress (1): 12/18 MB
Progress (1): 12/18 MB
Progress (1): 12/18 MB
Progress (1): 12/18 MB
Progress (1): 12/18 MB
Progress (1): 13/18 MB
Progress (1): 13/18 MB
Progress (1): 13/18 MB
Progress (1): 13/18 MB
Progress (1): 13/18 MB
Progress (1): 13/18 MB
Progress (1): 13/18 MB
Progress (1): 13/18 MB
Progress (1): 13/18 MB
Progress (1): 13/18 MB
Progress (1): 13/18 MB
Progress (1): 13/18 MB
Progress (1): 13/18 MB
Progress (1): 13/18 MB
Progress (1): 13/18 MB
Progress (1): 13/18 MB
Progress (1): 13/18 MB
Progress (1): 13/18 MB
Progress (1): 13/18 MB
Progress (1): 13/18 MB
Progress (1): 13/18 MB
Progress (1): 13/18 MB
Progress (1): 13/18 MB
Progress (1): 13/18 MB
Progress (1): 13/18 MB
Progress (1): 13/18 MB
Progress (1): 13/18 MB
Progress (1): 13/18 MB
Progress (1): 13/18 MB
Progress (1): 13/18 MB
Progress (1): 13/18 MB
Progress (1): 13/18 MB
Progress (1): 13/18 MB
Progress (1): 13/18 MB
Progress (1): 13/18 MB
Progress (1): 13/18 MB
Progress (1): 13/18 MB
Progress (1): 13/18 MB
Progress (1): 13/18 MB
Progress (1): 13/18 MB
Progress (1): 13/18 MB
Progress (1): 13/18 MB
Progress (1): 13/18 MB
Progress (1): 13/18 MB
Progress (1): 13/18 MB
Progress (1): 13/18 MB
Progress (1): 13/18 MB
Progress (1): 13/18 MB
Progress (1): 13/18 MB
Progress (1): 13/18 MB
Progress (1): 13/18 MB
Progress (1): 13/18 MB
Progress (1): 13/18 MB
Progress (1): 13/18 MB
Progress (1): 13/18 MB
Progress (1): 13/18 MB
Progress (1): 13/18 MB
Progress (1): 13/18 MB
Progress (1): 13/18 MB
Progress (1): 13/18 MB
Progress (1): 13/18 MB
Progress (1): 14/18 MB
Progress (1): 14/18 MB
Progress (1): 14/18 MB
Progress (1): 14/18 MB
Progress (1): 14/18 MB
Progress (1): 14/18 MB
Progress (1): 14/18 MB
Progress (1): 14/18 MB
Progress (1): 14/18 MB
Progress (1): 14/18 MB
Progress (1): 14/18 MB
Progress (1): 14/18 MB
Progress (1): 14/18 MB
Progress (1): 14/18 MB
Progress (1): 14/18 MB
Progress (1): 14/18 MB
Progress (1): 14/18 MB
Progress (1): 14/18 MB
Progress (1): 14/18 MB
Progress (1): 14/18 MB
Progress (1): 14/18 MB
Progress (1): 14/18 MB
Progress (1): 14/18 MB
Progress (1): 14/18 MB
Progress (1): 14/18 MB
Progress (1): 14/18 MB
Progress (1): 14/18 MB
Progress (1): 14/18 MB
Progress (1): 14/18 MB
Progress (1): 14/18 MB
Progress (1): 14/18 MB
Progress (1): 14/18 MB
Progress (1): 14/18 MB
Progress (1): 14/18 MB
Progress (1): 14/18 MB
Progress (1): 14/18 MB
Progress (1): 14/18 MB
Progress (1): 14/18 MB
Progress (1): 14/18 MB
Progress (1): 14/18 MB
Progress (1): 14/18 MB
Progress (1): 14/18 MB
Progress (1): 14/18 MB
Progress (1): 14/18 MB
Progress (1): 14/18 MB
Progress (1): 14/18 MB
Progress (1): 14/18 MB
Progress (1): 14/18 MB
Progress (1): 14/18 MB
Progress (1): 14/18 MB
Progress (1): 14/18 MB
Progress (1): 14/18 MB
Progress (1): 14/18 MB
Progress (1): 14/18 MB
Progress (1): 14/18 MB
Progress (1): 14/18 MB
Progress (1): 14/18 MB
Progress (1): 14/18 MB
Progress (1): 14/18 MB
Progress (1): 14/18 MB
Progress (1): 14/18 MB
Progress (1): 15/18 MB
Progress (1): 15/18 MB
Progress (1): 15/18 MB
Progress (1): 15/18 MB
Progress (1): 15/18 MB
Progress (1): 15/18 MB
Progress (1): 15/18 MB
Progress (1): 15/18 MB
Progress (1): 15/18 MB
Progress (1): 15/18 MB
Progress (1): 15/18 MB
Progress (1): 15/18 MB
Progress (1): 15/18 MB
Progress (1): 15/18 MB
Progress (1): 15/18 MB
Progress (1): 15/18 MB
Progress (1): 15/18 MB
Progress (1): 15/18 MB
Progress (1): 15/18 MB
Progress (1): 15/18 MB
Progress (1): 15/18 MB
Progress (1): 15/18 MB
Progress (1): 15/18 MB
Progress (1): 15/18 MB
Progress (1): 15/18 MB
Progress (1): 15/18 MB
Progress (1): 15/18 MB
Progress (1): 15/18 MB
Progress (1): 15/18 MB
Progress (1): 15/18 MB
Progress (1): 15/18 MB
Progress (1): 15/18 MB
Progress (1): 15/18 MB
Progress (1): 15/18 MB
Progress (1): 15/18 MB
Progress (1): 15/18 MB
Progress (1): 15/18 MB
Progress (1): 15/18 MB
Progress (1): 15/18 MB
Progress (1): 15/18 MB
Progress (1): 15/18 MB
Progress (1): 15/18 MB
Progress (1): 15/18 MB
Progress (1): 15/18 MB
Progress (1): 15/18 MB
Progress (1): 15/18 MB
Progress (1): 15/18 MB
Progress (1): 15/18 MB
Progress (1): 15/18 MB
Progress (1): 15/18 MB
Progress (1): 15/18 MB
Progress (1): 15/18 MB
Progress (1): 15/18 MB
Progress (1): 15/18 MB
Progress (1): 15/18 MB
Progress (1): 15/18 MB
Progress (1): 15/18 MB
Progress (1): 15/18 MB
Progress (1): 15/18 MB
Progress (1): 15/18 MB
Progress (1): 15/18 MB
Progress (1): 16/18 MB
Progress (1): 16/18 MB
Progress (1): 16/18 MB
Progress (1): 16/18 MB
Progress (1): 16/18 MB
Progress (1): 16/18 MB
Progress (1): 16/18 MB
Progress (1): 16/18 MB
Progress (1): 16/18 MB
Progress (1): 16/18 MB
Progress (1): 16/18 MB
Progress (1): 16/18 MB
Progress (1): 16/18 MB
Progress (1): 16/18 MB
Progress (1): 16/18 MB
Progress (1): 16/18 MB
Progress (1): 16/18 MB
Progress (1): 16/18 MB
Progress (1): 16/18 MB
Progress (1): 16/18 MB
Progress (1): 16/18 MB
Progress (1): 16/18 MB
Progress (1): 16/18 MB
Progress (1): 16/18 MB
Progress (1): 16/18 MB
Progress (1): 16/18 MB
Progress (1): 16/18 MB
Progress (1): 16/18 MB
Progress (1): 16/18 MB
Progress (1): 16/18 MB
Progress (1): 16/18 MB
Progress (1): 16/18 MB
Progress (1): 16/18 MB
Progress (1): 16/18 MB
Progress (1): 16/18 MB
Progress (1): 16/18 MB
Progress (1): 16/18 MB
Progress (1): 16/18 MB
Progress (1): 16/18 MB
Progress (1): 16/18 MB
Progress (1): 16/18 MB
Progress (1): 16/18 MB
Progress (1): 16/18 MB
Progress (1): 16/18 MB
Progress (1): 16/18 MB
Progress (1): 16/18 MB
Progress (1): 16/18 MB
Progress (1): 16/18 MB
Progress (1): 16/18 MB
Progress (1): 16/18 MB
Progress (1): 16/18 MB
Progress (1): 16/18 MB
Progress (1): 16/18 MB
Progress (1): 16/18 MB
Progress (1): 16/18 MB
Progress (1): 16/18 MB
Progress (1): 16/18 MB
Progress (1): 16/18 MB
Progress (1): 16/18 MB
Progress (1): 16/18 MB
Progress (1): 16/18 MB
Progress (1): 17/18 MB
Progress (1): 17/18 MB
Progress (1): 17/18 MB
Progress (1): 17/18 MB
Progress (1): 17/18 MB
Progress (1): 17/18 MB
Progress (1): 17/18 MB
Progress (1): 17/18 MB
Progress (1): 17/18 MB
Progress (1): 17/18 MB
Progress (1): 17/18 MB
Progress (1): 17/18 MB
Progress (1): 17/18 MB
Progress (1): 17/18 MB
Progress (1): 17/18 MB
Progress (1): 17/18 MB
Progress (1): 17/18 MB
Progress (1): 17/18 MB
Progress (1): 17/18 MB
Progress (1): 17/18 MB
Progress (1): 17/18 MB
Progress (1): 17/18 MB
Progress (1): 17/18 MB
Progress (1): 17/18 MB
Progress (1): 17/18 MB
Progress (1): 17/18 MB
Progress (1): 17/18 MB
Progress (1): 17/18 MB
Progress (1): 17/18 MB
Progress (1): 17/18 MB
Progress (1): 17/18 MB
Progress (1): 17/18 MB
Progress (1): 17/18 MB
Progress (1): 17/18 MB
Progress (1): 17/18 MB
Progress (1): 17/18 MB
Progress (1): 17/18 MB
Progress (1): 17/18 MB
Progress (1): 17/18 MB
Progress (1): 17/18 MB
Progress (1): 17/18 MB
Progress (1): 17/18 MB
Progress (1): 17/18 MB
Progress (1): 17/18 MB
Progress (1): 17/18 MB
Progress (1): 17/18 MB
Progress (1): 17/18 MB
Progress (1): 17/18 MB
Progress (1): 17/18 MB
Progress (1): 17/18 MB
Progress (1): 17/18 MB
Progress (1): 17/18 MB
Progress (1): 17/18 MB
Progress (1): 17/18 MB
Progress (1): 17/18 MB
Progress (1): 17/18 MB
Progress (1): 17/18 MB
Progress (1): 17/18 MB
Progress (1): 17/18 MB
Progress (1): 17/18 MB
Progress (1): 17/18 MB
Progress (1): 18/18 MB
Progress (1): 18/18 MB
Progress (1): 18/18 MB
Progress (1): 18/18 MB
Progress (1): 18/18 MB
Progress (1): 18/18 MB
Progress (1): 18/18 MB
Progress (1): 18/18 MB
Progress (1): 18/18 MB
Progress (1): 18/18 MB
Progress (1): 18/18 MB
Progress (1): 18/18 MB
Progress (1): 18/18 MB
Progress (1): 18/18 MB
Progress (1): 18/18 MB
Progress (1): 18/18 MB
Progress (1): 18 MB   
                   
Downloaded from central: https://repo.maven.apache.org/maven2/org/testcontainers/testcontainers/1.19.4/testcontainers-1.19.4.jar (18 MB at 1.6 MB/s)
Downloading from central: https://repo.maven.apache.org/maven2/org/testcontainers/mongodb/1.19.4/mongodb-1.19.4.jar
Progress (1): 6.3 kB
                    
Downloaded from central: https://repo.maven.apache.org/maven2/org/testcontainers/mongodb/1.19.4/mongodb-1.19.4.jar (6.3 kB at 28 kB/s)
Downloading from central: https://repo.maven.apache.org/maven2/io/quarkus/quarkus-devservices-deployment/3.8.1/quarkus-devservices-deployment-3.8.1.jar
Progress (1): 7.7/18 kB
Progress (1): 16/18 kB 
Progress (1): 18 kB   
                   
Downloaded from central: https://repo.maven.apache.org/maven2/io/quarkus/quarkus-devservices-deployment/3.8.1/quarkus-devservices-deployment-3.8.1.jar (18 kB at 106 kB/s)
Downloading from central: https://repo.maven.apache.org/maven2/io/quarkus/quarkus-kubernetes-service-binding-spi/3.8.1/quarkus-kubernetes-service-binding-spi-3.8.1.jar
Progress (1): 4.6 kB
                    
Downloaded from central: https://repo.maven.apache.org/maven2/io/quarkus/quarkus-kubernetes-service-binding-spi/3.8.1/quarkus-kubernetes-service-binding-spi-3.8.1.jar (4.6 kB at 43 kB/s)
Downloading from central: https://repo.maven.apache.org/maven2/io/quarkus/quarkus-hibernate-orm-deployment-spi/3.8.1/quarkus-hibernate-orm-deployment-spi-3.8.1.jar
Progress (1): 4.4 kB
                    
Downloaded from central: https://repo.maven.apache.org/maven2/io/quarkus/quarkus-hibernate-orm-deployment-spi/3.8.1/quarkus-hibernate-orm-deployment-spi-3.8.1.jar (4.4 kB at 41 kB/s)
Downloading from central: https://repo.maven.apache.org/maven2/io/quarkus/quarkus-credentials-deployment/3.8.1/quarkus-credentials-deployment-3.8.1.jar
Progress (1): 3.2 kB
                    
Downloaded from central: https://repo.maven.apache.org/maven2/io/quarkus/quarkus-credentials-deployment/3.8.1/quarkus-credentials-deployment-3.8.1.jar (3.2 kB at 18 kB/s)
Downloading from central: https://repo.maven.apache.org/maven2/io/quarkus/quarkus-panache-hibernate-common-deployment/3.8.1/quarkus-panache-hibernate-common-deployment-3.8.1.jar
Progress (1): 7.7/12 kB
Progress (1): 8.2/12 kB
Progress (1): 12 kB    
                   
Downloaded from central: https://repo.maven.apache.org/maven2/io/quarkus/quarkus-panache-hibernate-common-deployment/3.8.1/quarkus-panache-hibernate-common-deployment-3.8.1.jar (12 kB at 112 kB/s)
Downloading from central: https://repo.maven.apache.org/maven2/io/quarkus/quarkus-jsonb-spi/3.8.1/quarkus-jsonb-spi-3.8.1.jar
Progress (1): 3.8 kB
                    
Downloaded from central: https://repo.maven.apache.org/maven2/io/quarkus/quarkus-jsonb-spi/3.8.1/quarkus-jsonb-spi-3.8.1.jar (3.8 kB at 25 kB/s)
Downloading from central: https://repo.maven.apache.org/maven2/io/quarkus/quarkus-jackson-spi/3.8.1/quarkus-jackson-spi-3.8.1.jar
Progress (1): 5.9 kB
                    
Downloaded from central: https://repo.maven.apache.org/maven2/io/quarkus/quarkus-jackson-spi/3.8.1/quarkus-jackson-spi-3.8.1.jar (5.9 kB at 34 kB/s)
Downloading from central: https://repo.maven.apache.org/maven2/io/quarkus/quarkus-panache-common-deployment/3.8.1/quarkus-panache-common-deployment-3.8.1.jar
Progress (1): 7.7/61 kB
Progress (1): 8.2/61 kB
Progress (1): 25/61 kB 
Progress (1): 41/61 kB
Progress (1): 49/61 kB
Progress (1): 61 kB   
                   
Downloaded from central: https://repo.maven.apache.org/maven2/io/quarkus/quarkus-panache-common-deployment/3.8.1/quarkus-panache-common-deployment-3.8.1.jar (61 kB at 63 kB/s)
Downloading from central: https://repo.maven.apache.org/maven2/io/quarkus/platform/quarkus-bom-quarkus-platform-properties/3.8.1/quarkus-bom-quarkus-platform-properties-3.8.1.properties
Progress (1): 731 B
                   
Downloaded from central: https://repo.maven.apache.org/maven2/io/quarkus/platform/quarkus-bom-quarkus-platform-properties/3.8.1/quarkus-bom-quarkus-platform-properties-3.8.1.properties (731 B at 4.5 kB/s)
[INFO] 
[INFO] --- compiler:3.11.0:compile (default-compile) @ quarkus-backend ---
[INFO] Changes detected - recompiling the module! :source
[INFO] Compiling 9 source files with javac [debug release 17] to target\classes
[INFO] ------------------------------------------------------------------------
[INFO] BUILD SUCCESS
[INFO] ------------------------------------------------------------------------
[INFO] Total time:  01:24 min
[INFO] Finished at: 2026-05-01T10:13:46+07:00
[INFO] ------------------------------------------------------------------------
